Component: ARM Compiler 5.06 update 5 (build 528) Tool: armlink [4d35e2]

==============================================================================

Section Cross References

    system_stm32f4xx.o(.text) refers to system_stm32f4xx.o(.data) for SystemCoreClock
    startup_stm32f40_41xxx.o(RESET) refers to startup_stm32f40_41xxx.o(STACK) for __initial_sp
    startup_stm32f40_41xxx.o(RESET) refers to startup_stm32f40_41xxx.o(.text) for Reset_Handler
    startup_stm32f40_41xxx.o(RESET) refers to stm32f4xx_it.o(.text) for NMI_Handler
    startup_stm32f40_41xxx.o(RESET) refers to el9800hw.o(.text) for EXTI0_IRQHandler
    startup_stm32f40_41xxx.o(.text) refers to system_stm32f4xx.o(.text) for SystemInit
    startup_stm32f40_41xxx.o(.text) refers to entry.o(.ARM.Collect$$$$00000000) for __main
    el9800hw.o(.text) refers to spi1.o(.text) for SPIReadDRegister
    el9800hw.o(.text) refers to stm32f4xx_rcc.o(.text) for RCC_AHB1PeriphClockCmd
    el9800hw.o(.text) refers to stm32f4xx_gpio.o(.text) for GPIO_Init
    el9800hw.o(.text) refers to includes.o(.text) for Delayms_666M
    el9800hw.o(.text) refers to adc1.o(.text) for ADC_Configuration
    el9800hw.o(.text) refers to exit.o(.text) for IRQ_EXTI0_Configuration
    el9800hw.o(.text) refers to timer.o(.text) for TIM_Configuration
    el9800hw.o(.text) refers to ecatappl.o(.text) for PDI_Isr
    el9800hw.o(.text) refers to stm32f4xx_exti.o(.text) for EXTI_ClearITPendingBit
    el9800hw.o(.text) refers to stm32f4xx_tim.o(.text) for TIM_ClearITPendingBit
    el9800hw.o(.text) refers to el9800hw.o(.data) for EscALEvent
    timer.o(.text) refers to stm32f4xx_rcc.o(.text) for RCC_APB1PeriphClockCmd
    timer.o(.text) refers to stm32f4xx_tim.o(.text) for TIM_DeInit
    timer.o(.text) refers to misc.o(.text) for NVIC_PriorityGroupConfig
    exit.o(.text) refers to stm32f4xx_rcc.o(.text) for RCC_AHB1PeriphClockCmd
    exit.o(.text) refers to stm32f4xx_gpio.o(.text) for GPIO_Init
    exit.o(.text) refers to stm32f4xx_syscfg.o(.text) for SYSCFG_EXTILineConfig
    exit.o(.text) refers to stm32f4xx_exti.o(.text) for EXTI_Init
    exit.o(.text) refers to misc.o(.text) for NVIC_PriorityGroupConfig
    spi1.o(.text) refers to stm32f4xx_spi.o(.text) for SPI_I2S_DeInit
    spi1.o(.text) refers to stm32f4xx_rcc.o(.text) for RCC_APB2PeriphClockCmd
    spi1.o(.text) refers to stm32f4xx_gpio.o(.text) for GPIO_PinAFConfig
    spi1.o(.text) refers to memcpya.o(.text) for __aeabi_memcpy
    adc1.o(.text) refers to stm32f4xx_rcc.o(.text) for RCC_AHB1PeriphClockCmd
    adc1.o(.text) refers to stm32f4xx_dma.o(.text) for DMA_Init
    adc1.o(.text) refers to stm32f4xx_gpio.o(.text) for GPIO_Init
    adc1.o(.text) refers to stm32f4xx_adc.o(.text) for ADC_CommonInit
    adc1.o(.text) refers to adc1.o(.data) for uhADCxConvertedValue
    el9800appl.o(.text) refers to objdef.o(.text) for OBJ_GetObjectHandle
    el9800appl.o(.text) refers to stm32f4xx_gpio.o(.text) for GPIO_WriteBit
    el9800appl.o(.text) refers to memseta.o(.text) for __aeabi_memclr
    el9800appl.o(.text) refers to el9800hw.o(.text) for HW_Init
    el9800appl.o(.text) refers to ecatappl.o(.text) for MainInit
    el9800appl.o(.text) refers to el9800appl.o(.data) for sDOOutputs
    el9800appl.o(.text) refers to adc1.o(.data) for uhADCxConvertedValue
    el9800appl.o(.text) refers to ecatappl.o(.data) for bRunApplication
    coeappl.o(.text) refers to malloc.o(i.free) for free
    coeappl.o(.text) refers to sdoserv.o(.text) for SDOS_SdoRes
    coeappl.o(.text) refers to coeappl.o(.data) for ObjDicList
    coeappl.o(.text) refers to objdef.o(.bss) for sSyncManOutPar
    coeappl.o(.text) refers to objdef.o(.data) for bSyncSetByUser
    coeappl.o(.text) refers to sdoserv.o(.data) for u8PendingSdo
    coeappl.o(.data) refers to coeappl.o(.constdata) for asEntryDesc0x0800
    coeappl.o(.data) refers to el9800appl.o(.data) for sRxPDOassign
    coeappl.o(.data) refers to el9800appl.o(.text) for ReadObject0x1802
    coeappl.o(.data) refers to objdef.o(.data) for sErrorSettings
    coeappl.o(.data) refers to objdef.o(.bss) for sSyncManOutPar
    ecatappl.o(.text) refers to el9800appl.o(.text) for APPL_InputMapping
    ecatappl.o(.text) refers to el9800hw.o(.text) for HW_EscWriteIsr
    ecatappl.o(.text) refers to ecatslv.o(.text) for DC_CheckWatchdog
    ecatappl.o(.text) refers to coeappl.o(.text) for COE_ObjInit
    ecatappl.o(.text) refers to ecatappl.o(.bss) for aPdInputData
    ecatappl.o(.text) refers to ecatslv.o(.data) for nPdInputSize
    ecatappl.o(.text) refers to objdef.o(.bss) for sSyncManOutPar
    ecatappl.o(.text) refers to ecatappl.o(.data) for u16BusCycleCntMs
    ecatappl.o(.text) refers to objdef.o(.data) for sErrorSettings
    ecatcoe.o(.text) refers to sdoserv.o(.text) for SDOS_SdoInd
    ecatcoe.o(.text) refers to mailbox.o(.text) for MBX_MailboxSendReq
    ecatcoe.o(.text) refers to malloc.o(i.malloc) for malloc
    ecatcoe.o(.text) refers to memcpya.o(.text) for __aeabi_memcpy
[...]
    ..\Ethercat\src\ecatcoe.c                0x00000000   Number         0  ecatcoe.o ABSOLUTE
    ..\Ethercat\src\ecatslv.c                0x00000000   Number         0  ecatslv.o ABSOLUTE
    ..\Ethercat\src\el9800appl.c             0x00000000   Number         0  el9800appl.o ABSOLUTE
    ..\Ethercat\src\emcy.c                   0x00000000   Number         0  emcy.o ABSOLUTE
    ..\Ethercat\src\mailbox.c                0x00000000   Number         0  mailbox.o ABSOLUTE
    ..\Ethercat\src\objdef.c                 0x00000000   Number         0  objdef.o ABSOLUTE
    ..\Ethercat\src\sdoserv.c                0x00000000   Number         0  sdoserv.o ABSOLUTE
    ..\User\ADC1.c                           0x00000000   Number         0  adc1.o ABSOLUTE
    ..\User\EXIT.c                           0x00000000   Number         0  exit.o ABSOLUTE
    ..\User\SPI1.c                           0x00000000   Number         0  spi1.o ABSOLUTE
    ..\User\Timer.c                          0x00000000   Number         0  timer.o ABSOLUTE
    ..\User\includes.c                       0x00000000   Number         0  includes.o ABSOLUTE
    ..\\..\\Libraries\\STM32F4xx_StdPeriph_Driver\\src\\misc.c 0x00000000   Number         0  misc.o ABSOLUTE
    ..\\..\\Libraries\\STM32F4xx_StdPeriph_Driver\\src\\stm32f4xx_adc.c 0x00000000   Number         0  stm32f4xx_adc.o ABSOLUTE
    ..\\..\\Libraries\\STM32F4xx_StdPeriph_Driver\\src\\stm32f4xx_dma.c 0x00000000   Number         0  stm32f4xx_dma.o ABSOLUTE
    ..\\..\\Libraries\\STM32F4xx_StdPeriph_Driver\\src\\stm32f4xx_exti.c 0x00000000   Number         0  stm32f4xx_exti.o ABSOLUTE
    ..\\..\\Libraries\\STM32F4xx_StdPeriph_Driver\\src\\stm32f4xx_fsmc.c 0x00000000   Number         0  stm32f4xx_fsmc.o ABSOLUTE
    ..\\..\\Libraries\\STM32F4xx_StdPeriph_Driver\\src\\stm32f4xx_gpio.c 0x00000000   Number         0  stm32f4xx_gpio.o ABSOLUTE
    ..\\..\\Libraries\\STM32F4xx_StdPeriph_Driver\\src\\stm32f4xx_pwr.c 0x00000000   Number         0  stm32f4xx_pwr.o ABSOLUTE
    ..\\..\\Libraries\\STM32F4xx_StdPeriph_Driver\\src\\stm32f4xx_rcc.c 0x00000000   Number         0  stm32f4xx_rcc.o ABSOLUTE
    ..\\..\\Libraries\\STM32F4xx_StdPeriph_Driver\\src\\stm32f4xx_spi.c 0x00000000   Number         0  stm32f4xx_spi.o ABSOLUTE
    ..\\..\\Libraries\\STM32F4xx_StdPeriph_Driver\\src\\stm32f4xx_syscfg.c 0x00000000   Number         0  stm32f4xx_syscfg.o ABSOLUTE
    ..\\..\\Libraries\\STM32F4xx_StdPeriph_Driver\\src\\stm32f4xx_tim.c 0x00000000   Number         0  stm32f4xx_tim.o ABSOLUTE
    ..\\Ethercat\\port\\el9800hw.c           0x00000000   Number         0  el9800hw.o ABSOLUTE
    ..\\Ethercat\\src\\coeappl.c             0x00000000   Number         0  coeappl.o ABSOLUTE
    ..\\Ethercat\\src\\ecatappl.c            0x00000000   Number         0  ecatappl.o ABSOLUTE
    ..\\Ethercat\\src\\ecatslv.c             0x00000000   Number         0  ecatslv.o ABSOLUTE
    ..\\Ethercat\\src\\el9800appl.c          0x00000000   Number         0  el9800appl.o ABSOLUTE
    ..\\Ethercat\\src\\mailbox.c             0x00000000   Number         0  mailbox.o ABSOLUTE
    ..\\Ethercat\\src\\objdef.c              0x00000000   Number         0  objdef.o ABSOLUTE
    ..\\Ethercat\\src\\sdoserv.c             0x00000000   Number         0  sdoserv.o ABSOLUTE
    ..\\User\\ADC1.c                         0x00000000   Number         0  adc1.o ABSOLUTE
    ..\\User\\EXIT.c                         0x00000000   Number         0  exit.o ABSOLUTE
    ..\\User\\SPI1.c                         0x00000000   Number         0  spi1.o ABSOLUTE
    ..\\User\\Timer.c                        0x00000000   Number         0  timer.o ABSOLUTE
    ..\\stm32f4xx_it.c                       0x00000000   Number         0  stm32f4xx_it.o ABSOLUTE
    ..\\system_stm32f4xx.c                   0x00000000   Number         0  system_stm32f4xx.o ABSOLUTE
    ..\stm32f4xx_it.c                        0x00000000   Number         0  stm32f4xx_it.o ABSOLUTE
    ..\system_stm32f4xx.c                    0x00000000   Number         0  system_stm32f4xx.o ABSOLUTE
    dc.s                                     0x00000000   Number         0  dc.o ABSOLUTE
    handlers.s                               0x00000000   Number         0  handlers.o ABSOLUTE
    init.s                                   0x00000000   Number         0  init.o ABSOLUTE
    RESET                                    0x08000000   Section      392  startup_stm32f40_41xxx.o(RESET)
    .ARM.Collect$$$$00000000                 0x08000188   Section        0  entry.o(.ARM.Collect$$$$00000000)
    .ARM.Collect$$$$00000001                 0x08000188   Section        4  entry2.o(.ARM.Collect$$$$00000001)
    .ARM.Collect$$$$00000004                 0x0800018c   Section        4  entry5.o(.ARM.Collect$$$$00000004)
    .ARM.Collect$$$$00000008                 0x08000190   Section        0  entry7b.o(.ARM.Collect$$$$00000008)
    .ARM.Collect$$$$0000000A                 0x08000190   Section        0  entry8b.o(.ARM.Collect$$$$0000000A)
    .ARM.Collect$$$$0000000B                 0x08000190   Section        8  entry9a.o(.ARM.Collect$$$$0000000B)
    .ARM.Collect$$$$0000000D                 0x08000198   Section        0  entry10a.o(.ARM.Collect$$$$0000000D)
    .ARM.Collect$$$$0000000F                 0x08000198   Section        0  entry11a.o(.ARM.Collect$$$$0000000F)
    .ARM.Collect$$$$00002712                 0x08000198   Section        4  entry2.o(.ARM.Collect$$$$00002712)
    __lit__00000000                          0x08000198   Data           4  entry2.o(.ARM.Collect$$$$00002712)
    .text                                    0x0800019c   Section        0  system_stm32f4xx.o(.text)
    SetSysClock                              0x0800019d   Thumb Code   220  system_stm32f4xx.o(.text)
    .text                                    0x080003ac   Section       36  startup_stm32f40_41xxx.o(.text)
    $v0                                      0x080003ac   Number         0  startup_stm32f40_41xxx.o(.text)
    .text                                    0x080003d0   Section        0  stm32f4xx_it.o(.text)
    .text                                    0x080003ec   Section        0  el9800hw.o(.text)
    GetInterruptRegister                     0x08000453   Thumb Code    20  el9800hw.o(.text)
    ISR_GetInterruptRegister                 0x08000467   Thumb Code    16  el9800hw.o(.text)
    NVIC_EnableIRQ                           0x080007bd   Thumb Code    22  el9800hw.o(.text)
    .text                                    0x080007f0   Section        0  timer.o(.text)
    .text                                    0x08000864   Section        0  exit.o(.text)
    .text                                    0x080009e0   Section        0  spi1.o(.text)
    .text                                    0x08001034   Section        0  adc1.o(.text)
    .text                                    0x08001138   Section        0  includes.o(.text)
    .text                                    0x08001174   Section        0  el9800appl.o(.text)
    .text                                    0x080015bc   Section        0  coeappl.o(.text)
    .text                                    0x08001854   Section        0  ecatappl.o(.text)
    .text                                    0x08001c94   Section        0  ecatcoe.o(.text)
    .text                                    0x08001d34   Section        0  ecatslv.o(.text)
    NVIC_EnableIRQ                           0x0800342d   Thumb Code    22  ecatslv.o(.text)
    NVIC_DisableIRQ                          0x08003443   Thumb Code    18  ecatslv.o(.text)
    .text                                    0x0800345c   Section        0  mailbox.o(.text)
    .text                                    0x08003b44   Section        0  objdef.o(.text)
    .text                                    0x08004990   Section        0  sdoserv.o(.text)
    SdoDownloadSegmentInd                    0x08004991   Thumb Code   596  sdoserv.o(.text)
    SdoUploadSegmentInd                      0x08004be5   Thumb Code   388  sdoserv.o(.text)
    .text                                    0x080056ac   Section        0  misc.o(.text)
    .text                                    0x0800578c   Section        0  stm32f4xx_adc.o(.text)
    .text                                    0x08005bf0   Section        0  stm32f4xx_dma.o(.text)
    .text                                    0x08005f98   Section        0  stm32f4xx_exti.o(.text)
    .text                                    0x080060a8   Section        0  stm32f4xx_gpio.o(.text)
    .text                                    0x0800633c   Section        0  stm32f4xx_rcc.o(.text)
    .text                                    0x08006998   Section        0  stm32f4xx_spi.o(.text)
    .text                                    0x08006e18   Section        0  stm32f4xx_syscfg.o(.text)
    .text                                    0x08006eac   Section        0  stm32f4xx_tim.o(.text)
    TI4_Config                               0x0800764b   Thumb Code    80  stm32f4xx_tim.o(.text)
    TI3_Config                               0x080076ad   Thumb Code    72  stm32f4xx_tim.o(.text)
    TI2_Config                               0x0800770f   Thumb Code    90  stm32f4xx_tim.o(.text)
    TI1_Config                               0x0800777b   Thumb Code    58  stm32f4xx_tim.o(.text)
    .text                                    0x08007b4e   Section        0  memcpya.o(.text)
    .text                                    0x08007b72   Section        0  memseta.o(.text)
    .text                                    0x08007b96   Section        0  strlen.o(.text)
    .text                                    0x08007ba4   Section       36  init.o(.text)
    .text                                    0x08007bc8   Section        0  __dczerorl2.o(.text)
    i.__scatterload_copy                     0x08007c1e   Section       14  handlers.o(i.__scatterload_copy)
    i.__scatterload_null                     0x08007c2c   Section        2  handlers.o(i.__scatterload_null)
    i.__scatterload_zeroinit                 0x08007c2e   Section       14  handlers.o(i.__scatterload_zeroinit)
    i.free                                   0x08007c3c   Section        0  malloc.o(i.free)
    i.malloc                                 0x08007c8c   Section        0  malloc.o(i.malloc)
    .constdata                               0x08007cf8   Section     2335  coeappl.o(.constdata)
    .constdata                               0x08008618   Section       32  objdef.o(.constdata)
    .constdata                               0x08008638   Section      120  sdoserv.o(.constdata)
    .data                                    0x20000000   Section       20  system_stm32f4xx.o(.data)
    .data                                    0x20000014   Section        2  el9800hw.o(.data)
    .data                                    0x20000016   Section        2  adc1.o(.data)
    .data                                    0x20000018   Section      212  el9800appl.o(.data)
    .data                                    0x200000ec   Section     1208  coeappl.o(.data)
    .data                                    0x200005a4   Section       26  ecatappl.o(.data)
    .data                                    0x200005c0   Section        4  ecatcoe.o(.data)
    .data                                    0x200005c4   Section       73  ecatslv.o(.data)
    .data                                    0x20000610   Section       33  mailbox.o(.data)
    .data                                    0x20000634   Section       29  objdef.o(.data)
    .data                                    0x20000654   Section       60  sdoserv.o(.data)
    .data                                    0x20000690   Section       16  stm32f4xx_rcc.o(.data)
    APBAHBPrescTable                         0x20000690   Data          16  stm32f4xx_rcc.o(.data)
    .data                                    0x200006a0   Section        4  mvars.o(.data)
    .data                                    0x200006a4   Section        4  mvars.o(.data)
    .bss                                     0x200006a8   Section      136  ecatappl.o(.bss)
    .bss                                     0x20000730   Section      616  mailbox.o(.bss)
    .bss                                     0x20000998   Section      136  objdef.o(.bss)
    .bss                                     0x20000a20   Section       14  sdoserv.o(.bss)
    HEAP                                     0x20000a30   Section     3072  startup_stm32f40_41xxx.o(HEAP)
    STACK                                    0x20001630   Section     3072  startup_stm32f40_41xxx.o(STACK)

    Global Symbols

    Symbol Name                              Value     Ov Type        Size  Object(Section)

    BuildAttributes$$THM_ISAv4$E$P$D$K$B$S$7EM$VFPi3$EXTD16$VFPS$VFMA$PE$A:L22UL41UL21$X:L11$S22US41US21$IEEE1$IW$USESV6$~STKCKD$USESV7$~SHL$OSPACE$EBA8$MICROLIB$REQ8$PRES8$EABIv2 0x00000000   Number         0  anon$$obj.o ABSOLUTE
    __ARM_use_no_argv                        0x00000000   Number         0  el9800appl.o ABSOLUTE
    __cpp_initialize__aeabi_                  - Undefined Weak Reference
    __cxa_finalize                            - Undefined Weak Reference
    _clock_init                               - Undefined Weak Reference
    _microlib_exit                            - Undefined Weak Reference
    __Vectors_Size                           0x00000188   Number         0  startup_stm32f40_41xxx.o ABSOLUTE
    __Vectors                                0x08000000   Data           4  startup_stm32f40_41xxx.o(RESET)
    __Vectors_End                            0x08000188   Data           0  startup_stm32f40_41xxx.o(RESET)
    __main                                   0x08000189   Thumb Code     0  entry.o(.ARM.Collect$$$$00000000)
    _main_stk                                0x08000189   Thumb Code     0  entry2.o(.ARM.Collect$$$$00000001)
    _main_scatterload                        0x0800018d   Thumb Code     0  entry5.o(.ARM.Collect$$$$00000004)
    __main_after_scatterload                 0x08000191   Thumb Code     0  entry5.o(.ARM.Collect$$$$00000004)
    _main_clock                              0x08000191   Thumb Code     0  entry7b.o(.ARM.Collect$$$$00000008)
    _main_cpp_init                           0x08000191   Thumb Code     0  entry8b.o(.ARM.Collect$$$$0000000A)
    _main_init                               0x08000191   Thumb Code     0  entry9a.o(.ARM.Collect$$$$0000000B)
    __rt_final_cpp                           0x08000199   Thumb Code     0  entry10a.o(.ARM.Collect$$$$0000000D)
    __rt_final_exit                          0x08000199   Thumb Code     0  entry11a.o(.ARM.Collect$$$$0000000F)
    SystemInit                               0x08000279   Thumb Code    88  system_stm32f4xx.o(.text)
    SystemCoreClockUpdate                    0x080002d1   Thumb Code   174  system_stm32f4xx.o(.text)
    Reset_Handler                            0x080003ad   Thumb Code     8  startup_stm32f40_41xxx.o(.text)
    ADC_IRQHandler                           0x080003c7   Thumb Code     0  startup_stm32f40_41xxx.o(.text)
    CAN1_RX0_IRQHandler                      0x080003c7   Thumb Code     0  startup_stm32f40_41xxx.o(.text)
    CAN1_RX1_IRQHandler                      0x080003c7   Thumb Code     0  startup_stm32f40_41xxx.o(.text)
    CAN1_SCE_IRQHandler                      0x080003c7   Thumb Code     0  startup_stm32f40_41xxx.o(.text)
    CAN1_TX_IRQHandler                       0x080003c7   Thumb Code     0  startup_stm32f40_41xxx.o(.text)
    CAN2_RX0_IRQHandler                      0x080003c7   Thumb Code     0  startup_stm32f40_41xxx.o(.text)
    CAN2_RX1_IRQHandler                      0x080003c7   Thumb Code     0  startup_stm32f40_41xxx.o(.text)
    CAN2_SCE_IRQHandler                      0x080003c7   Thumb Code     0  startup_stm32f40_41xxx.o(.text)
    CAN2_TX_IRQHandler                       0x080003c7   Thumb Code     0  startup_stm32f40_41xxx.o(.text)
    CRYP_IRQHandler                          0x080003c7   Thumb Code     0  startup_stm32f40_41xxx.o(.text)
    DCMI_IRQHandler                          0x080003c7   Thumb Code     0  startup_stm32f40_41xxx.o(.text)
    DMA1_Stream0_IRQHandler                  0x080003c7   Thumb Code     0  startup_stm32f40_41xxx.o(.text)
    DMA1_Stream1_IRQHandler                  0x080003c7   Thumb Code     0  startup_stm32f40_41xxx.o(.text)
    DMA1_Stream2_IRQHandler                  0x080003c7   Thumb Code     0  startup_stm32f40_41xxx.o(.text)
    DMA1_Stream3_IRQHandler                  0x080003c7   Thumb Code     0  startup_stm32f40_41xxx.o(.text)
    DMA1_Stream4_IRQHandler                  0x080003c7   Thumb Code     0  startup_stm32f40_41xxx.o(.text)
    DMA1_Stream5_IRQHandler                  0x080003c7   Thumb Code     0  startup_stm32f40_41xxx.o(.text)
    DMA1_Stream6_IRQHandler                  0x080003c7   Thumb Code     0  startup_stm32f40_41xxx.o(.text)
    DMA1_Stream7_IRQHandler                  0x080003c7   Thumb Code     0  startup_stm32f40_41xxx.o(.text)
    DMA2_Stream0_IRQHandler                  0x080003c7   Thumb Code     0  startup_stm32f40_41xxx.o(.text)
    DMA2_Stream1_IRQHandler                  0x080003c7   Thumb Code     0  startup_stm32f40_41xxx.o(.text)
    DMA2_Stream2_IRQHandler                  0x080003c7   Thumb Code     0  startup_stm32f40_41xxx.o(.text)
    DMA2_Stream3_IRQHandler                  0x080003c7   Thumb Code     0  startup_stm32f40_41xxx.o(.text)
    DMA2_Stream4_IRQHandler                  0x080003c7   Thumb Code     0  startup_stm32f40_41xxx.o(.text)
    DMA2_Stream5_IRQHandler                  0x080003c7   Thumb Code     0  startup_stm32f40_41xxx.o(.text)
    DMA2_Stream6_IRQHandler                  0x080003c7   Thumb Code     0  startup_stm32f40_41xxx.o(.text)
    DMA2_Stream7_IRQHandler                  0x080003c7   Thumb Code     0  startup_stm32f40_41xxx.o(.text)
    ETH_IRQHandler                           0x080003c7   Thumb Code     0  startup_stm32f40_41xxx.o(.text)
    ETH_WKUP_IRQHandler                      0x080003c7   Thumb Code     0  startup_stm32f40_41xxx.o(.text)
    EXTI15_10_IRQHandler                     0x080003c7   Thumb Code     0  startup_stm32f40_41xxx.o(.text)
    EXTI1_IRQHandler                         0x080003c7   Thumb Code     0  startup_stm32f40_41xxx.o(.text)
    EXTI4_IRQHandler                         0x080003c7   Thumb Code     0  startup_stm32f40_41xxx.o(.text)
    EXTI9_5_IRQHandler                       0x080003c7   Thumb Code     0  startup_stm32f40_41xxx.o(.text)
    FLASH_IRQHandler                         0x080003c7   Thumb Code     0  startup_stm32f40_41xxx.o(.text)
    FPU_IRQHandler                           0x080003c7   Thumb Code     0  startup_stm32f40_41xxx.o(.text)
    FSMC_IRQHandler                          0x080003c7   Thumb Code     0  startup_stm32f40_41xxx.o(.text)
    HASH_RNG_IRQHandler                      0x080003c7   Thumb Code     0  startup_stm32f40_41xxx.o(.text)
    I2C1_ER_IRQHandler                       0x080003c7   Thumb Code     0  startup_stm32f40_41xxx.o(.text)
    I2C1_EV_IRQHandler                       0x080003c7   Thumb Code     0  startup_stm32f40_41xxx.o(.text)
    I2C2_ER_IRQHandler                       0x080003c7   Thumb Code     0  startup_stm32f40_41xxx.o(.text)
    I2C2_EV_IRQHandler                       0x080003c7   Thumb Code     0  startup_stm32f40_41xxx.o(.text)
    I2C3_ER_IRQHandler                       0x080003c7   Thumb Code     0  startup_stm32f40_41xxx.o(.text)
    I2C3_EV_IRQHandler                       0x080003c7   Thumb Code     0  startup_stm32f40_41xxx.o(.text)
    OTG_FS_IRQHandler                        0x080003c7   Thumb Code     0  startup_stm32f40_41xxx.o(.text)
    OTG_FS_WKUP_IRQHandler                   0x080003c7   Thumb Code     0  startup_stm32f40_41xxx.o(.text)
    OTG_HS_EP1_IN_IRQHandler                 0x080003c7   Thumb Code     0  startup_stm32f40_41xxx.o(.text)
    OTG_HS_EP1_OUT_IRQHandler                0x080003c7   Thumb Code     0  startup_stm32f40_41xxx.o(.text)
    OTG_HS_IRQHandler                        0x080003c7   Thumb Code     0  startup_stm32f40_41xxx.o(.text)
    OTG_HS_WKUP_IRQHandler                   0x080003c7   Thumb Code     0  startup_stm32f40_41xxx.o(.text)
    PVD_IRQHandler                           0x080003c7   Thumb Code     0  startup_stm32f40_41xxx.o(.text)
    RCC_IRQHandler                           0x080003c7   Thumb Code     0  startup_stm32f40_41xxx.o(.text)
    RTC_Alarm_IRQHandler                     0x080003c7   Thumb Code     0  startup_stm32f40_41xxx.o(.text)
    RTC_WKUP_IRQHandler                      0x080003c7   Thumb Code     0  startup_stm32f40_41xxx.o(.text)
    SDIO_IRQHandler                          0x080003c7   Thumb Code     0  startup_stm32f40_41xxx.o(.text)
    SPI1_IRQHandler                          0x080003c7   Thumb Code     0  startup_stm32f40_41xxx.o(.text)
    SPI2_IRQHandler                          0x080003c7   Thumb Code     0  startup_stm32f40_41xxx.o(.text)
    SPI3_IRQHandler                          0x080003c7   Thumb Code     0  startup_stm32f40_41xxx.o(.text)
    TAMP_STAMP_IRQHandler                    0x080003c7   Thumb Code     0  startup_stm32f40_41xxx.o(.text)
    TIM1_BRK_TIM9_IRQHandler                 0x080003c7   Thumb Code     0  startup_stm32f40_41xxx.o(.text)
    TIM1_CC_IRQHandler                       0x080003c7   Thumb Code     0  startup_stm32f40_41xxx.o(.text)
    TIM1_TRG_COM_TIM11_IRQHandler            0x080003c7   Thumb Code     0  startup_stm32f40_41xxx.o(.text)
    TIM1_UP_TIM10_IRQHandler                 0x080003c7   Thumb Code     0  startup_stm32f40_41xxx.o(.text)
    TIM3_IRQHandler                          0x080003c7   Thumb Code     0  startup_stm32f40_41xxx.o(.text)
    TIM4_IRQHandler                          0x080003c7   Thumb Code     0  startup_stm32f40_41xxx.o(.text)
    TIM5_IRQHandler                          0x080003c7   Thumb Code     0  startup_stm32f40_41xxx.o(.text)
    TIM6_DAC_IRQHandler                      0x080003c7   Thumb Code     0  startup_stm32f40_41xxx.o(.text)
    TIM7_IRQHandler                          0x080003c7   Thumb Code     0  startup_stm32f40_41xxx.o(.text)
    TIM8_BRK_TIM12_IRQHandler                0x080003c7   Thumb Code     0  startup_stm32f40_41xxx.o(.text)
    TIM8_CC_IRQHandler                       0x080003c7   Thumb Code     0  startup_stm32f40_41xxx.o(.text)
    TIM8_TRG_COM_TIM14_IRQHandler            0x080003c7   Thumb Code     0  startup_stm32f40_41xxx.o(.text)
    TIM8_UP_TIM13_IRQHandler                 0x080003c7   Thumb Code     0  startup_stm32f40_41xxx.o(.text)
    UART4_IRQHandler                         0x080003c7   Thumb Code     0  startup_stm32f40_41xxx.o(.text)
    UART5_IRQHandler                         0x080003c7   Thumb Code     0  startup_stm32f40_41xxx.o(.text)
    USART1_IRQHandler                        0x080003c7   Thumb Code     0  startup_stm32f40_41xxx.o(.text)
    USART2_IRQHandler                        0x080003c7   Thumb Code     0  startup_stm32f40_41xxx.o(.text)
    USART3_IRQHandler                        0x080003c7   Thumb Code     0  startup_stm32f40_41xxx.o(.text)
    USART6_IRQHandler                        0x080003c7   Thumb Code     0  startup_stm32f40_41xxx.o(.text)
    WWDG_IRQHandler                          0x080003c7   Thumb Code     0  startup_stm32f40_41xxx.o(.text)
    NMI_Handler                              0x080003d1   Thumb Code     2  stm32f4xx_it.o(.text)
    HardFault_Handler                        0x080003d3   Thumb Code     4  stm32f4xx_it.o(.text)
    MemManage_Handler                        0x080003d7   Thumb Code     4  stm32f4xx_it.o(.text)
    BusFault_Handler                         0x080003db   Thumb Code     4  stm32f4xx_it.o(.text)
    UsageFault_Handler                       0x080003df   Thumb Code     4  stm32f4xx_it.o(.text)
    SVC_Handler                              0x080003e3   Thumb Code     2  stm32f4xx_it.o(.text)
    DebugMon_Handler                         0x080003e5   Thumb Code     2  stm32f4xx_it.o(.text)
    PendSV_Handler                           0x080003e7   Thumb Code     2  stm32f4xx_it.o(.text)
    SysTick_Handler                          0x080003e9   Thumb Code     2  stm32f4xx_it.o(.text)
    HW_EscReadIsr                            0x080003ed   Thumb Code   102  el9800hw.o(.text)
    GPIO_Config                              0x08000477   Thumb Code   174  el9800hw.o(.text)
    LAN9252_reset                            0x08000525   Thumb Code    88  el9800hw.o(.text)
    HW_EscWrite                              0x0800057d   Thumb Code   106  el9800hw.o(.text)
    HW_EscRead                               0x080005e7   Thumb Code   106  el9800hw.o(.text)
    HW_Init                                  0x08000651   Thumb Code   156  el9800hw.o(.text)
    HW_Release                               0x080006ed   Thumb Code     2  el9800hw.o(.text)
    HW_GetALEventRegister                    0x080006ef   Thumb Code    12  el9800hw.o(.text)
    HW_GetALEventRegister_Isr                0x080006fb   Thumb Code    12  el9800hw.o(.text)
    HW_EscWriteIsr                           0x08000707   Thumb Code   102  el9800hw.o(.text)
    EXTI0_IRQHandler                         0x0800076d   Thumb Code    14  el9800hw.o(.text)
    EXTI3_IRQHandler                         0x0800077b   Thumb Code    14  el9800hw.o(.text)
    EXTI2_IRQHandler                         0x08000789   Thumb Code    36  el9800hw.o(.text)
    TIM2_IRQHandler                          0x080007ad   Thumb Code    16  el9800hw.o(.text)
    TIM_Configuration                        0x080007f1   Thumb Code   116  timer.o(.text)
    IRQ_EXTI0_Configuration                  0x08000865   Thumb Code   122  exit.o(.text)
    SYNC0_EXTI3_Configuration                0x080008df   Thumb Code   128  exit.o(.text)
    SYNC1_EXTI2_Configuration                0x0800095f   Thumb Code   124  exit.o(.text)
    SPI1_Init                                0x080009e1   Thumb Code    82  spi1.o(.text)
    SPI1_GPIO_Init                           0x08000a33   Thumb Code   192  spi1.o(.text)
    WR_CMD                                   0x08000af3   Thumb Code    28  spi1.o(.text)
    SPIWrite                                 0x08000b0f   Thumb Code    12  spi1.o(.text)
    SPIRead                                  0x08000b1b   Thumb Code    14  spi1.o(.text)
    SPIReadDWord                             0x08000b29   Thumb Code    82  spi1.o(.text)
    SPISendAddr                              0x08000b7b   Thumb Code    24  spi1.o(.text)
    SPIReadBurstMode                         0x08000b93   Thumb Code    38  spi1.o(.text)
    SPIWriteBurstMode                        0x08000bb9   Thumb Code    40  spi1.o(.text)
    SPIWriteDWord                            0x08000be1   Thumb Code    78  spi1.o(.text)
    SPIReadRegUsingCSR                       0x08000c2f   Thumb Code   106  spi1.o(.text)
    SPIWriteRegUsingCSR                      0x08000c99   Thumb Code   106  spi1.o(.text)
    SPIReadPDRamRegister                     0x08000d03   Thumb Code   278  spi1.o(.text)
    SPIWritePDRamRegister                    0x08000e19   Thumb Code   270  spi1.o(.text)
    SPIReadDRegister                         0x08000f27   Thumb Code    38  spi1.o(.text)
    SPIWriteRegister                         0x08000f4d   Thumb Code    38  spi1.o(.text)
    SPIReadDWord_test                        0x08000f73   Thumb Code    82  spi1.o(.text)
    LAN9252_ReadID                           0x08000fc5   Thumb Code    52  spi1.o(.text)
    mem_test                                 0x08000ff9   Thumb Code    50  spi1.o(.text)
    ADC_Configuration                        0x08001035   Thumb Code   242  adc1.o(.text)
    Delayms_666M                             0x08001139   Thumb Code    26  includes.o(.text)
    Delayus_666M                             0x08001153   Thumb Code    32  includes.o(.text)
    user_define                              0x08001173   Thumb Code     2  includes.o(.text)
    APPL_AckErrorInd                         0x08001175   Thumb Code     2  el9800appl.o(.text)
    APPL_StartMailboxHandler                 0x08001177   Thumb Code     4  el9800appl.o(.text)
    APPL_StopMailboxHandler                  0x0800117b   Thumb Code     4  el9800appl.o(.text)
    APPL_StartInputHandler                   0x0800117f   Thumb Code     6  el9800appl.o(.text)
    APPL_StopInputHandler                    0x08001185   Thumb Code     4  el9800appl.o(.text)
    APPL_StartOutputHandler                  0x08001189   Thumb Code     4  el9800appl.o(.text)
    APPL_StopOutputHandler                   0x0800118d   Thumb Code    86  el9800appl.o(.text)
    APPL_GenerateMapping                     0x080011e3   Thumb Code   234  el9800appl.o(.text)
    APPL_InputMapping                        0x080012cd   Thumb Code    78  el9800appl.o(.text)
    APPL_OutputMapping                       0x0800131b   Thumb Code    78  el9800appl.o(.text)
    APPL_Application                         0x08001369   Thumb Code   404  el9800appl.o(.text)
    ReadObject0x1802                         0x080014fd   Thumb Code    98  el9800appl.o(.text)
    main                                     0x0800155f   Thumb Code    94  el9800appl.o(.text)
    COE_GetObjectDictionary                  0x080015bd   Thumb Code     6  coeappl.o(.text)
    COE_RemoveDicEntry                       0x080015c3   Thumb Code    62  coeappl.o(.text)
    COE_ClearObjDictionary                   0x08001601   Thumb Code    32  coeappl.o(.text)
    COE_AddObjectToDic                       0x08001621   Thumb Code   140  coeappl.o(.text)
    AddObjectsToObjDictionary                0x080016ad   Thumb Code    40  coeappl.o(.text)
    COE_ObjDictionaryInit                    0x080016d5   Thumb Code    36  coeappl.o(.text)
    COE_ObjInit                              0x080016f9   Thumb Code   132  coeappl.o(.text)
    COE_Main                                 0x0800177d   Thumb Code   154  coeappl.o(.text)
    PDO_InputMapping                         0x08001855   Thumb Code    24  ecatappl.o(.text)
    PDO_OutputMapping                        0x0800186d   Thumb Code    24  ecatappl.o(.text)
    ECAT_CheckTimer                          0x08001885   Thumb Code    52  ecatappl.o(.text)
    HandleBusCycleCalculation                0x080018b9   Thumb Code   140  ecatappl.o(.text)
    ECAT_Application                         0x08001945   Thumb Code     8  ecatappl.o(.text)
    PDI_Isr                                  0x0800194d   Thumb Code   240  ecatappl.o(.text)
    Sync0_Isr                                0x08001a3d   Thumb Code   246  ecatappl.o(.text)
    Sync1_Isr                                0x08001b33   Thumb Code    40  ecatappl.o(.text)
    MainInit                                 0x08001b5b   Thumb Code    36  ecatappl.o(.text)
    MainLoop                                 0x08001b7f   Thumb Code   158  ecatappl.o(.text)
    COE_Init                                 0x08001c95   Thumb Code    12  ecatcoe.o(.text)
    COE_ServiceInd                           0x08001ca1   Thumb Code    72  ecatcoe.o(.text)
    COE_ContinueInd                          0x08001ce9   Thumb Code    64  ecatcoe.o(.text)
    ResetALEventMask                         0x08001d35   Thumb Code    50  ecatslv.o(.text)
    SetALEventMask                           0x08001d67   Thumb Code    50  ecatslv.o(.text)
    UpdateEEPROMLoadedState                  0x08001d99   Thumb Code    64  ecatslv.o(.text)
    GetSyncMan                               0x08001dd9   Thumb Code    24  ecatslv.o(.text)
    DisableSyncManChannel                    0x08001df1   Thumb Code    52  ecatslv.o(.text)
    EnableSyncManChannel                     0x08001e25   Thumb Code    50  ecatslv.o(.text)
    CheckSmSettings                          0x08001e57   Thumb Code   702  ecatslv.o(.text)
    StartInputHandler                        0x08002115   Thumb Code  1596  ecatslv.o(.text)
    StartOutputHandler                       0x08002751   Thumb Code    36  ecatslv.o(.text)
    StopOutputHandler                        0x08002775   Thumb Code    12  ecatslv.o(.text)
    StopInputHandler                         0x08002781   Thumb Code   126  ecatslv.o(.text)
    BackToInitTransition                     0x080027ff   Thumb Code     8  ecatslv.o(.text)
    SetALStatus                              0x08002807   Thumb Code    72  ecatslv.o(.text)
    AL_ControlInd                            0x0800284f   Thumb Code  1188  ecatslv.o(.text)
    AL_ControlRes                            0x08002cf3   Thumb Code   470  ecatslv.o(.text)
    DC_CheckWatchdog                         0x08002ec9   Thumb Code   304  ecatslv.o(.text)
    CheckIfEcatError                         0x08002ff9   Thumb Code   120  ecatslv.o(.text)
    ECAT_StateChange                         0x08003071   Thumb Code   300  ecatslv.o(.text)
    ECAT_Init                                0x0800319d   Thumb Code   196  ecatslv.o(.text)
    ECAT_Main                                0x08003261   Thumb Code   460  ecatslv.o(.text)
    PutInMbxQueue                            0x0800345d   Thumb Code    44  mailbox.o(.text)
    GetOutOfMbxQueue                         0x08003489   Thumb Code    46  mailbox.o(.text)
    MBX_Init                                 0x080034b7   Thumb Code   136  mailbox.o(.text)
    MBX_StartMailboxHandler                  0x0800353f   Thumb Code   166  mailbox.o(.text)
    MBX_StopMailboxHandler                   0x080035e5   Thumb Code   222  mailbox.o(.text)
    MailboxServiceInd                        0x080036c3   Thumb Code    34  mailbox.o(.text)
    MBX_CopyToSendMailbox                    0x080036e5   Thumb Code   186  mailbox.o(.text)
    MBX_MailboxSendReq                       0x0800379f   Thumb Code   132  mailbox.o(.text)
    MBX_MailboxWriteInd                      0x08003823   Thumb Code   202  mailbox.o(.text)
    MBX_MailboxReadInd                       0x080038ed   Thumb Code   140  mailbox.o(.text)
    MBX_MailboxRepeatReq                     0x08003979   Thumb Code    82  mailbox.o(.text)
    MBX_CheckAndCopyMailbox                  0x080039cb   Thumb Code   250  mailbox.o(.text)
    MBX_Main                                 0x08003ac5   Thumb Code    70  mailbox.o(.text)
    OBJ_GetObjectHandle                      0x08003b45   Thumb Code    32  objdef.o(.text)
    OBJ_GetObjectLength                      0x08003b65   Thumb Code   150  objdef.o(.text)
    OBJ_CopyNumberToString                   0x08003bfb   Thumb Code    60  objdef.o(.text)
    OBJ_GetEntryDesc                         0x08003c37   Thumb Code    38  objdef.o(.text)
    OBJ_GetNoOfObjects                       0x08003c5d   Thumb Code   100  objdef.o(.text)
    OBJ_GetObjectList                        0x08003cc1   Thumb Code   184  objdef.o(.text)
    OBJ_GetDesc                              0x08003d79   Thumb Code   200  objdef.o(.text)
    OBJ_GetObjDesc                           0x08003e41   Thumb Code     8  objdef.o(.text)
    OBJ_GetEntryOffset                       0x08003e49   Thumb Code   262  objdef.o(.text)
    CheckSyncTypeValue                       0x08003f4f   Thumb Code   242  objdef.o(.text)
    OBJ_Read                                 0x08004041   Thumb Code  1162  objdef.o(.text)
    OBJ_Write                                0x080044cb   Thumb Code  1208  objdef.o(.text)
    SdoRes                                   0x08004d69   Thumb Code   296  sdoserv.o(.text)
    SDOS_SdoInd                              0x08004e91   Thumb Code  1104  sdoserv.o(.text)
    SDOS_SdoRes                              0x080052e1   Thumb Code   194  sdoserv.o(.text)
    SDOS_SdoInfoInd                          0x080053a3   Thumb Code   712  sdoserv.o(.text)
    NVIC_PriorityGroupConfig                 0x080056ad   Thumb Code    10  misc.o(.text)
    NVIC_Init                                0x080056b7   Thumb Code   106  misc.o(.text)
    NVIC_SetVectorTable                      0x08005721   Thumb Code    14  misc.o(.text)
    NVIC_SystemLPConfig                      0x0800572f   Thumb Code    34  misc.o(.text)
    SysTick_CLKSourceConfig                  0x08005751   Thumb Code    40  misc.o(.text)
    ADC_DeInit                               0x0800578d   Thumb Code    22  stm32f4xx_adc.o(.text)
    ADC_Init                                 0x080057a3   Thumb Code    74  stm32f4xx_adc.o(.text)
    ADC_StructInit                           0x080057ed   Thumb Code    20  stm32f4xx_adc.o(.text)
    ADC_CommonInit                           0x08005801   Thumb Code    34  stm32f4xx_adc.o(.text)
    ADC_CommonStructInit                     0x08005823   Thumb Code    12  stm32f4xx_adc.o(.text)
    ADC_Cmd                                  0x0800582f   Thumb Code    22  stm32f4xx_adc.o(.text)
    ADC_AnalogWatchdogCmd                    0x08005845   Thumb Code    16  stm32f4xx_adc.o(.text)
    ADC_AnalogWatchdogThresholdsConfig       0x08005855   Thumb Code     6  stm32f4xx_adc.o(.text)
    ADC_AnalogWatchdogSingleChannelConfig    0x0800585b   Thumb Code    16  stm32f4xx_adc.o(.text)
    ADC_TempSensorVrefintCmd                 0x0800586b   Thumb Code    34  stm32f4xx_adc.o(.text)
    ADC_VBATCmd                              0x0800588d   Thumb Code    34  stm32f4xx_adc.o(.text)
    ADC_RegularChannelConfig                 0x080058af   Thumb Code   184  stm32f4xx_adc.o(.text)
    ADC_SoftwareStartConv                    0x08005967   Thumb Code    10  stm32f4xx_adc.o(.text)
    ADC_GetSoftwareStartConvStatus           0x08005971   Thumb Code    20  stm32f4xx_adc.o(.text)
    ADC_EOCOnEachRegularChannelCmd           0x08005985   Thumb Code    22  stm32f4xx_adc.o(.text)
    ADC_ContinuousModeCmd                    0x0800599b   Thumb Code    22  stm32f4xx_adc.o(.text)
    ADC_DiscModeChannelCountConfig           0x080059b1   Thumb Code    24  stm32f4xx_adc.o(.text)
    ADC_DiscModeCmd                          0x080059c9   Thumb Code    22  stm32f4xx_adc.o(.text)
    ADC_GetConversionValue                   0x080059df   Thumb Code     8  stm32f4xx_adc.o(.text)
    ADC_GetMultiModeConversionValue          0x080059e7   Thumb Code     8  stm32f4xx_adc.o(.text)
    ADC_DMACmd                               0x080059ef   Thumb Code    22  stm32f4xx_adc.o(.text)
    ADC_DMARequestAfterLastTransferCmd       0x08005a05   Thumb Code    22  stm32f4xx_adc.o(.text)
    ADC_MultiModeDMARequestAfterLastTransferCmd 0x08005a1b   Thumb Code    34  stm32f4xx_adc.o(.text)
    ADC_InjectedChannelConfig                0x08005a3d   Thumb Code   130  stm32f4xx_adc.o(.text)
    ADC_InjectedSequencerLengthConfig        0x08005abf   Thumb Code    24  stm32f4xx_adc.o(.text)
    ADC_SetInjectedOffset                    0x08005ad7   Thumb Code    20  stm32f4xx_adc.o(.text)
    ADC_ExternalTrigInjectedConvConfig       0x08005aeb   Thumb Code    16  stm32f4xx_adc.o(.text)
    ADC_ExternalTrigInjectedConvEdgeConfig   0x08005afb   Thumb Code    16  stm32f4xx_adc.o(.text)
    ADC_SoftwareStartInjectedConv            0x08005b0b   Thumb Code    10  stm32f4xx_adc.o(.text)
    ADC_GetSoftwareStartInjectedConvCmdStatus 0x08005b15   Thumb Code    20  stm32f4xx_adc.o(.text)
    ADC_AutoInjectedConvCmd                  0x08005b29   Thumb Code    22  stm32f4xx_adc.o(.text)
    ADC_InjectedDiscModeCmd                  0x08005b3f   Thumb Code    22  stm32f4xx_adc.o(.text)
    ADC_GetInjectedConversionValue           0x08005b55   Thumb Code    28  stm32f4xx_adc.o(.text)
    ADC_ITConfig                             0x08005b71   Thumb Code    56  stm32f4xx_adc.o(.text)
    ADC_GetFlagStatus                        0x08005ba9   Thumb Code    18  stm32f4xx_adc.o(.text)
    ADC_ClearFlag                            0x08005bbb   Thumb Code     6  stm32f4xx_adc.o(.text)
    ADC_GetITStatus                          0x08005bc1   Thumb Code    38  stm32f4xx_adc.o(.text)
    ADC_ClearITPendingBit                    0x08005be7   Thumb Code    10  stm32f4xx_adc.o(.text)
    DMA_DeInit                               0x08005bf1   Thumb Code   324  stm32f4xx_dma.o(.text)
    DMA_Init                                 0x08005d35   Thumb Code    82  stm32f4xx_dma.o(.text)
    DMA_StructInit                           0x08005d87   Thumb Code    34  stm32f4xx_dma.o(.text)
    DMA_Cmd                                  0x08005da9   Thumb Code    22  stm32f4xx_dma.o(.text)
    DMA_PeriphIncOffsetSizeConfig            0x08005dbf   Thumb Code    22  stm32f4xx_dma.o(.text)
    DMA_FlowControllerConfig                 0x08005dd5   Thumb Code    22  stm32f4xx_dma.o(.text)
    DMA_SetCurrDataCounter                   0x08005deb   Thumb Code     4  stm32f4xx_dma.o(.text)
    DMA_GetCurrDataCounter                   0x08005def   Thumb Code     8  stm32f4xx_dma.o(.text)
    DMA_DoubleBufferModeConfig               0x08005df7   Thumb Code    24  stm32f4xx_dma.o(.text)
    DMA_DoubleBufferModeCmd                  0x08005e0f   Thumb Code    22  stm32f4xx_dma.o(.text)
    DMA_MemoryTargetConfig                   0x08005e25   Thumb Code    10  stm32f4xx_dma.o(.text)
    DMA_GetCurrentMemoryTarget               0x08005e2f   Thumb Code    20  stm32f4xx_dma.o(.text)
    DMA_GetCmdStatus                         0x08005e43   Thumb Code    20  stm32f4xx_dma.o(.text)
    DMA_GetFIFOStatus                        0x08005e57   Thumb Code    12  stm32f4xx_dma.o(.text)
    DMA_GetFlagStatus                        0x08005e63   Thumb Code    56  stm32f4xx_dma.o(.text)
    DMA_ClearFlag                            0x08005e9b   Thumb Code    40  stm32f4xx_dma.o(.text)
    DMA_ITConfig                             0x08005ec3   Thumb Code    58  stm32f4xx_dma.o(.text)
    DMA_GetITStatus                          0x08005efd   Thumb Code    84  stm32f4xx_dma.o(.text)
    DMA_ClearITPendingBit                    0x08005f51   Thumb Code    40  stm32f4xx_dma.o(.text)
    EXTI_DeInit                              0x08005f99   Thumb Code    28  stm32f4xx_exti.o(.text)
    EXTI_Init                                0x08005fb5   Thumb Code   142  stm32f4xx_exti.o(.text)
    EXTI_StructInit                          0x08006043   Thumb Code    16  stm32f4xx_exti.o(.text)
    EXTI_GenerateSWInterrupt                 0x08006053   Thumb Code    16  stm32f4xx_exti.o(.text)
    EXTI_GetFlagStatus                       0x08006063   Thumb Code    22  stm32f4xx_exti.o(.text)
    EXTI_ClearFlag                           0x08006079   Thumb Code     8  stm32f4xx_exti.o(.text)
    EXTI_GetITStatus                         0x08006081   Thumb Code    22  stm32f4xx_exti.o(.text)
    EXTI_ClearITPendingBit                   0x08006097   Thumb Code     8  stm32f4xx_exti.o(.text)
    GPIO_DeInit                              0x080060a9   Thumb Code   268  stm32f4xx_gpio.o(.text)
    GPIO_Init                                0x080061b5   Thumb Code   144  stm32f4xx_gpio.o(.text)
    GPIO_StructInit                          0x08006245   Thumb Code    18  stm32f4xx_gpio.o(.text)
    GPIO_PinLockConfig                       0x08006257   Thumb Code    34  stm32f4xx_gpio.o(.text)
    GPIO_ReadInputDataBit                    0x08006279   Thumb Code    18  stm32f4xx_gpio.o(.text)
    GPIO_ReadInputData                       0x0800628b   Thumb Code     8  stm32f4xx_gpio.o(.text)
    GPIO_ReadOutputDataBit                   0x08006293   Thumb Code    18  stm32f4xx_gpio.o(.text)
    GPIO_ReadOutputData                      0x080062a5   Thumb Code     8  stm32f4xx_gpio.o(.text)
    GPIO_SetBits                             0x080062ad   Thumb Code     4  stm32f4xx_gpio.o(.text)
    GPIO_ResetBits                           0x080062b1   Thumb Code     4  stm32f4xx_gpio.o(.text)
    GPIO_WriteBit                            0x080062b5   Thumb Code    10  stm32f4xx_gpio.o(.text)
    GPIO_Write                               0x080062bf   Thumb Code     4  stm32f4xx_gpio.o(.text)
    GPIO_ToggleBits                          0x080062c3   Thumb Code     8  stm32f4xx_gpio.o(.text)
    GPIO_PinAFConfig                         0x080062cb   Thumb Code    70  stm32f4xx_gpio.o(.text)
    RCC_DeInit                               0x0800633d   Thumb Code    82  stm32f4xx_rcc.o(.text)
    RCC_HSEConfig                            0x0800638f   Thumb Code    14  stm32f4xx_rcc.o(.text)
    RCC_GetFlagStatus                        0x0800639d   Thumb Code    60  stm32f4xx_rcc.o(.text)
    RCC_WaitForHSEStartUp                    0x080063d9   Thumb Code    56  stm32f4xx_rcc.o(.text)
    RCC_AdjustHSICalibrationValue            0x08006411   Thumb Code    20  stm32f4xx_rcc.o(.text)
    RCC_HSICmd                               0x08006425   Thumb Code     6  stm32f4xx_rcc.o(.text)
    RCC_LSEConfig                            0x0800642b   Thumb Code    46  stm32f4xx_rcc.o(.text)
    RCC_LSICmd                               0x08006459   Thumb Code     6  stm32f4xx_rcc.o(.text)
    RCC_PLLConfig                            0x0800645f   Thumb Code    32  stm32f4xx_rcc.o(.text)
    RCC_PLLCmd                               0x0800647f   Thumb Code     6  stm32f4xx_rcc.o(.text)
    RCC_PLLI2SConfig                         0x08006485   Thumb Code    14  stm32f4xx_rcc.o(.text)
    RCC_PLLI2SCmd                            0x08006493   Thumb Code     6  stm32f4xx_rcc.o(.text)
    RCC_PLLSAIConfig                         0x08006499   Thumb Code    20  stm32f4xx_rcc.o(.text)
    RCC_PLLSAICmd                            0x080064ad   Thumb Code     6  stm32f4xx_rcc.o(.text)
    RCC_ClockSecuritySystemCmd               0x080064b3   Thumb Code     6  stm32f4xx_rcc.o(.text)
    RCC_MCO1Config                           0x080064b9   Thumb Code    28  stm32f4xx_rcc.o(.text)
    RCC_MCO2Config                           0x080064d5   Thumb Code    28  stm32f4xx_rcc.o(.text)
    RCC_SYSCLKConfig                         0x080064f1   Thumb Code    20  stm32f4xx_rcc.o(.text)
    RCC_GetSYSCLKSource                      0x08006505   Thumb Code    12  stm32f4xx_rcc.o(.text)
    RCC_HCLKConfig                           0x08006511   Thumb Code    20  stm32f4xx_rcc.o(.text)
    RCC_PCLK1Config                          0x08006525   Thumb Code    20  stm32f4xx_rcc.o(.text)
    RCC_PCLK2Config                          0x08006539   Thumb Code    22  stm32f4xx_rcc.o(.text)
    RCC_GetClocksFreq                        0x0800654f   Thumb Code   222  stm32f4xx_rcc.o(.text)
    RCC_RTCCLKConfig                         0x0800662d   Thumb Code    54  stm32f4xx_rcc.o(.text)
    RCC_RTCCLKCmd                            0x08006663   Thumb Code     8  stm32f4xx_rcc.o(.text)
    RCC_BackupResetCmd                       0x0800666b   Thumb Code     8  stm32f4xx_rcc.o(.text)
    RCC_I2SCLKConfig                         0x08006673   Thumb Code     6  stm32f4xx_rcc.o(.text)
    RCC_SAIBlockACLKConfig                   0x08006679   Thumb Code    20  stm32f4xx_rcc.o(.text)
    RCC_SAIBlockBCLKConfig                   0x0800668d   Thumb Code    20  stm32f4xx_rcc.o(.text)
    RCC_SAIPLLI2SClkDivConfig                0x080066a1   Thumb Code    26  stm32f4xx_rcc.o(.text)
    RCC_SAIPLLSAIClkDivConfig                0x080066bb   Thumb Code    28  stm32f4xx_rcc.o(.text)
    RCC_LTDCCLKDivConfig                     0x080066d7   Thumb Code    20  stm32f4xx_rcc.o(.text)
    RCC_TIMCLKPresConfig                     0x080066eb   Thumb Code     6  stm32f4xx_rcc.o(.text)
    RCC_AHB1PeriphClockCmd                   0x080066f1   Thumb Code    34  stm32f4xx_rcc.o(.text)
    RCC_AHB2PeriphClockCmd                   0x08006713   Thumb Code    78  stm32f4xx_rcc.o(.text)
    RCC_AHB3PeriphClockCmd                   0x08006761   Thumb Code    34  stm32f4xx_rcc.o(.text)
    RCC_APB1PeriphClockCmd                   0x08006783   Thumb Code    34  stm32f4xx_rcc.o(.text)
    RCC_APB2PeriphClockCmd                   0x080067a5   Thumb Code    34  stm32f4xx_rcc.o(.text)
    RCC_AHB1PeriphResetCmd                   0x080067c7   Thumb Code    34  stm32f4xx_rcc.o(.text)
    RCC_AHB2PeriphResetCmd                   0x080067e9   Thumb Code    34  stm32f4xx_rcc.o(.text)
    RCC_AHB3PeriphResetCmd                   0x0800680b   Thumb Code    34  stm32f4xx_rcc.o(.text)
    RCC_APB1PeriphResetCmd                   0x0800682d   Thumb Code    34  stm32f4xx_rcc.o(.text)
    RCC_APB2PeriphResetCmd                   0x0800684f   Thumb Code    34  stm32f4xx_rcc.o(.text)
    RCC_AHB1PeriphClockLPModeCmd             0x08006871   Thumb Code    34  stm32f4xx_rcc.o(.text)
    RCC_AHB2PeriphClockLPModeCmd             0x08006893   Thumb Code    34  stm32f4xx_rcc.o(.text)
    RCC_AHB3PeriphClockLPModeCmd             0x080068b5   Thumb Code    34  stm32f4xx_rcc.o(.text)
    RCC_APB1PeriphClockLPModeCmd             0x080068d7   Thumb Code    34  stm32f4xx_rcc.o(.text)
    RCC_APB2PeriphClockLPModeCmd             0x080068f9   Thumb Code    34  stm32f4xx_rcc.o(.text)
    RCC_LSEModeConfig                        0x0800691b   Thumb Code    40  stm32f4xx_rcc.o(.text)
    RCC_ITConfig                             0x08006943   Thumb Code    34  stm32f4xx_rcc.o(.text)
    RCC_ClearFlag                            0x08006965   Thumb Code    18  stm32f4xx_rcc.o(.text)
    RCC_GetITStatus                          0x08006977   Thumb Code    22  stm32f4xx_rcc.o(.text)
    RCC_ClearITPendingBit                    0x0800698d   Thumb Code     8  stm32f4xx_rcc.o(.text)
    SPI_I2S_DeInit                           0x08006999   Thumb Code   152  stm32f4xx_spi.o(.text)
    SPI_Init                                 0x08006a31   Thumb Code    60  stm32f4xx_spi.o(.text)
    I2S_Init                                 0x08006a6d   Thumb Code   396  stm32f4xx_spi.o(.text)
    SPI_StructInit                           0x08006bf9   Thumb Code    24  stm32f4xx_spi.o(.text)
    I2S_StructInit                           0x08006c11   Thumb Code    20  stm32f4xx_spi.o(.text)
    SPI_Cmd                                  0x08006c25   Thumb Code    24  stm32f4xx_spi.o(.text)
    I2S_Cmd                                  0x08006c3d   Thumb Code    24  stm32f4xx_spi.o(.text)
    SPI_DataSizeConfig                       0x08006c55   Thumb Code    18  stm32f4xx_spi.o(.text)
    SPI_BiDirectionalLineConfig              0x08006c67   Thumb Code    28  stm32f4xx_spi.o(.text)
    SPI_NSSInternalSoftwareConfig            0x08006c83   Thumb Code    30  stm32f4xx_spi.o(.text)
    SPI_SSOutputCmd                          0x08006ca1   Thumb Code    24  stm32f4xx_spi.o(.text)
    SPI_TIModeCmd                            0x08006cb9   Thumb Code    24  stm32f4xx_spi.o(.text)
    I2S_FullDuplexConfig                     0x08006cd1   Thumb Code    80  stm32f4xx_spi.o(.text)
    SPI_I2S_ReceiveData                      0x08006d21   Thumb Code     6  stm32f4xx_spi.o(.text)
    SPI_I2S_SendData                         0x08006d27   Thumb Code     4  stm32f4xx_spi.o(.text)
    SPI_CalculateCRC                         0x08006d2b   Thumb Code    24  stm32f4xx_spi.o(.text)
    SPI_TransmitCRC                          0x08006d43   Thumb Code    10  stm32f4xx_spi.o(.text)
    SPI_GetCRC                               0x08006d4d   Thumb Code    16  stm32f4xx_spi.o(.text)
    SPI_GetCRCPolynomial                     0x08006d5d   Thumb Code     6  stm32f4xx_spi.o(.text)
    SPI_I2S_DMACmd                           0x08006d63   Thumb Code    18  stm32f4xx_spi.o(.text)
    SPI_I2S_ITConfig                         0x08006d75   Thumb Code    68  stm32f4xx_spi.o(.text)
    SPI_I2S_GetFlagStatus                    0x08006db9   Thumb Code    18  stm32f4xx_spi.o(.text)
    SPI_I2S_ClearFlag                        0x08006dcb   Thumb Code     6  stm32f4xx_spi.o(.text)
    SPI_I2S_GetITStatus                      0x08006dd1   Thumb Code    52  stm32f4xx_spi.o(.text)
    SPI_I2S_ClearITPendingBit                0x08006e05   Thumb Code    20  stm32f4xx_spi.o(.text)
    SYSCFG_DeInit                            0x08006e19   Thumb Code    22  stm32f4xx_syscfg.o(.text)
    SYSCFG_MemoryRemapConfig                 0x08006e2f   Thumb Code     6  stm32f4xx_syscfg.o(.text)
    SYSCFG_MemorySwappingBank                0x08006e35   Thumb Code     6  stm32f4xx_syscfg.o(.text)
    SYSCFG_EXTILineConfig                    0x08006e3b   Thumb Code    66  stm32f4xx_syscfg.o(.text)
    SYSCFG_ETH_MediaInterfaceConfig          0x08006e7d   Thumb Code     8  stm32f4xx_syscfg.o(.text)
    SYSCFG_CompensationCellCmd               0x08006e85   Thumb Code     6  stm32f4xx_syscfg.o(.text)
    SYSCFG_GetCompensationCellStatus         0x08006e8b   Thumb Code    22  stm32f4xx_syscfg.o(.text)
    TIM_DeInit                               0x08006ead   Thumb Code   346  stm32f4xx_tim.o(.text)
    TIM_TimeBaseInit                         0x08007007   Thumb Code   104  stm32f4xx_tim.o(.text)
    TIM_TimeBaseStructInit                   0x0800706f   Thumb Code    18  stm32f4xx_tim.o(.text)
    TIM_PrescalerConfig                      0x08007081   Thumb Code     6  stm32f4xx_tim.o(.text)
    TIM_CounterModeConfig                    0x08007087   Thumb Code    18  stm32f4xx_tim.o(.text)
    TIM_SetCounter                           0x08007099   Thumb Code     4  stm32f4xx_tim.o(.text)
    TIM_SetAutoreload                        0x0800709d   Thumb Code     4  stm32f4xx_tim.o(.text)
    TIM_GetCounter                           0x080070a1   Thumb Code     6  stm32f4xx_tim.o(.text)
    TIM_GetPrescaler                         0x080070a7   Thumb Code     6  stm32f4xx_tim.o(.text)
    TIM_UpdateDisableConfig                  0x080070ad   Thumb Code    24  stm32f4xx_tim.o(.text)
    TIM_UpdateRequestConfig                  0x080070c5   Thumb Code    24  stm32f4xx_tim.o(.text)
    TIM_ARRPreloadConfig                     0x080070dd   Thumb Code    24  stm32f4xx_tim.o(.text)
    TIM_SelectOnePulseMode                   0x080070f5   Thumb Code    18  stm32f4xx_tim.o(.text)
    TIM_SetClockDivision                     0x08007107   Thumb Code    18  stm32f4xx_tim.o(.text)
    TIM_Cmd                                  0x08007119   Thumb Code    24  stm32f4xx_tim.o(.text)
    TIM_OC1Init                              0x08007131   Thumb Code   114  stm32f4xx_tim.o(.text)
    TIM_OC2Init                              0x080071a3   Thumb Code   154  stm32f4xx_tim.o(.text)
    TIM_OC3Init                              0x0800723d   Thumb Code   204  stm32f4xx_tim.o(.text)
    TIM_OC4Init                              0x08007309   Thumb Code   112  stm32f4xx_tim.o(.text)
    TIM_OCStructInit                         0x08007379   Thumb Code    20  stm32f4xx_tim.o(.text)
    TIM_SelectOCxM                           0x0800738d   Thumb Code    86  stm32f4xx_tim.o(.text)
    TIM_SetCompare1                          0x080073e3   Thumb Code     4  stm32f4xx_tim.o(.text)
    TIM_SetCompare2                          0x080073e7   Thumb Code     4  stm32f4xx_tim.o(.text)
    TIM_SetCompare3                          0x080073eb   Thumb Code     4  stm32f4xx_tim.o(.text)
    TIM_SetCompare4                          0x080073ef   Thumb Code     4  stm32f4xx_tim.o(.text)
    TIM_ForcedOC1Config                      0x080073f3   Thumb Code    18  stm32f4xx_tim.o(.text)
    TIM_ForcedOC2Config                      0x08007405   Thumb Code    26  stm32f4xx_tim.o(.text)
    TIM_ForcedOC3Config                      0x0800741f   Thumb Code    18  stm32f4xx_tim.o(.text)
    TIM_ForcedOC4Config                      0x08007431   Thumb Code    26  stm32f4xx_tim.o(.text)
    TIM_OC1PreloadConfig                     0x0800744b   Thumb Code    18  stm32f4xx_tim.o(.text)
    TIM_OC2PreloadConfig                     0x0800745d   Thumb Code    26  stm32f4xx_tim.o(.text)
    TIM_OC3PreloadConfig                     0x08007477   Thumb Code    18  stm32f4xx_tim.o(.text)
    TIM_OC4PreloadConfig                     0x08007489   Thumb Code    26  stm32f4xx_tim.o(.text)
    TIM_OC1FastConfig                        0x080074a3   Thumb Code    18  stm32f4xx_tim.o(.text)
    TIM_OC2FastConfig                        0x080074b5   Thumb Code    26  stm32f4xx_tim.o(.text)
    TIM_OC3FastConfig                        0x080074cf   Thumb Code    18  stm32f4xx_tim.o(.text)
    TIM_OC4FastConfig                        0x080074e1   Thumb Code    26  stm32f4xx_tim.o(.text)
    TIM_ClearOC1Ref                          0x080074fb   Thumb Code    18  stm32f4xx_tim.o(.text)
    TIM_ClearOC2Ref                          0x0800750d   Thumb Code    24  stm32f4xx_tim.o(.text)
    TIM_ClearOC3Ref                          0x08007525   Thumb Code    18  stm32f4xx_tim.o(.text)
    TIM_ClearOC4Ref                          0x08007537   Thumb Code    24  stm32f4xx_tim.o(.text)
    TIM_OC1PolarityConfig                    0x0800754f   Thumb Code    18  stm32f4xx_tim.o(.text)
    TIM_OC1NPolarityConfig                   0x08007561   Thumb Code    18  stm32f4xx_tim.o(.text)
    TIM_OC2PolarityConfig                    0x08007573   Thumb Code    26  stm32f4xx_tim.o(.text)
    TIM_OC2NPolarityConfig                   0x0800758d   Thumb Code    26  stm32f4xx_tim.o(.text)
    TIM_OC3PolarityConfig                    0x080075a7   Thumb Code    26  stm32f4xx_tim.o(.text)
    TIM_OC3NPolarityConfig                   0x080075c1   Thumb Code    26  stm32f4xx_tim.o(.text)
    TIM_OC4PolarityConfig                    0x080075db   Thumb Code    26  stm32f4xx_tim.o(.text)
    TIM_CCxCmd                               0x080075f5   Thumb Code    30  stm32f4xx_tim.o(.text)
    TIM_CCxNCmd                              0x08007613   Thumb Code    30  stm32f4xx_tim.o(.text)
    TIM_SetIC4Prescaler                      0x08007631   Thumb Code    26  stm32f4xx_tim.o(.text)
    TIM_SetIC3Prescaler                      0x0800769b   Thumb Code    18  stm32f4xx_tim.o(.text)
    TIM_SetIC2Prescaler                      0x080076f5   Thumb Code    26  stm32f4xx_tim.o(.text)
    TIM_SetIC1Prescaler                      0x08007769   Thumb Code    18  stm32f4xx_tim.o(.text)
    TIM_ICInit                               0x080077b5   Thumb Code   110  stm32f4xx_tim.o(.text)
    TIM_ICStructInit                         0x08007823   Thumb Code    18  stm32f4xx_tim.o(.text)
    TIM_PWMIConfig                           0x08007835   Thumb Code   124  stm32f4xx_tim.o(.text)
    TIM_GetCapture1                          0x080078b1   Thumb Code     6  stm32f4xx_tim.o(.text)
    TIM_GetCapture2                          0x080078b7   Thumb Code     6  stm32f4xx_tim.o(.text)
    TIM_GetCapture3                          0x080078bd   Thumb Code     6  stm32f4xx_tim.o(.text)
    TIM_GetCapture4                          0x080078c3   Thumb Code     6  stm32f4xx_tim.o(.text)
    TIM_BDTRConfig                           0x080078c9   Thumb Code    32  stm32f4xx_tim.o(.text)
    TIM_BDTRStructInit                       0x080078e9   Thumb Code    18  stm32f4xx_tim.o(.text)
    TIM_CtrlPWMOutputs                       0x080078fb   Thumb Code    30  stm32f4xx_tim.o(.text)
    TIM_SelectCOM                            0x08007919   Thumb Code    24  stm32f4xx_tim.o(.text)
    TIM_CCPreloadControl                     0x08007931   Thumb Code    24  stm32f4xx_tim.o(.text)
    TIM_ITConfig                             0x08007949   Thumb Code    18  stm32f4xx_tim.o(.text)
    TIM_GenerateEvent                        0x0800795b   Thumb Code     4  stm32f4xx_tim.o(.text)
    TIM_GetFlagStatus                        0x0800795f   Thumb Code    18  stm32f4xx_tim.o(.text)
    TIM_ClearFlag                            0x08007971   Thumb Code     6  stm32f4xx_tim.o(.text)
    TIM_GetITStatus                          0x08007977   Thumb Code    34  stm32f4xx_tim.o(.text)
    TIM_ClearITPendingBit                    0x08007999   Thumb Code     6  stm32f4xx_tim.o(.text)
    TIM_DMAConfig                            0x0800799f   Thumb Code    10  stm32f4xx_tim.o(.text)
    TIM_DMACmd                               0x080079a9   Thumb Code    18  stm32f4xx_tim.o(.text)
    TIM_SelectCCDMA                          0x080079bb   Thumb Code    24  stm32f4xx_tim.o(.text)
    TIM_InternalClockConfig                  0x080079d3   Thumb Code    12  stm32f4xx_tim.o(.text)
    TIM_SelectInputTrigger                   0x080079df   Thumb Code    18  stm32f4xx_tim.o(.text)
    TIM_ITRxExternalClockConfig              0x080079f1   Thumb Code    24  stm32f4xx_tim.o(.text)
    TIM_TIxExternalClockConfig               0x08007a09   Thumb Code    62  stm32f4xx_tim.o(.text)
    TIM_ETRConfig                            0x08007a47   Thumb Code    28  stm32f4xx_tim.o(.text)
    TIM_ETRClockMode1Config                  0x08007a63   Thumb Code    54  stm32f4xx_tim.o(.text)
    TIM_ETRClockMode2Config                  0x08007a99   Thumb Code    32  stm32f4xx_tim.o(.text)
    TIM_SelectOutputTrigger                  0x08007ab9   Thumb Code    18  stm32f4xx_tim.o(.text)
    TIM_SelectSlaveMode                      0x08007acb   Thumb Code    18  stm32f4xx_tim.o(.text)
    TIM_SelectMasterSlaveMode                0x08007add   Thumb Code    18  stm32f4xx_tim.o(.text)
    TIM_EncoderInterfaceConfig               0x08007aef   Thumb Code    66  stm32f4xx_tim.o(.text)
    TIM_SelectHallSensor                     0x08007b31   Thumb Code    24  stm32f4xx_tim.o(.text)
    TIM_RemapConfig                          0x08007b49   Thumb Code     6  stm32f4xx_tim.o(.text)
    __aeabi_memcpy                           0x08007b4f   Thumb Code    36  memcpya.o(.text)
    __aeabi_memcpy4                          0x08007b4f   Thumb Code     0  memcpya.o(.text)
    __aeabi_memcpy8                          0x08007b4f   Thumb Code     0  memcpya.o(.text)
    __aeabi_memset                           0x08007b73   Thumb Code    14  memseta.o(.text)
    __aeabi_memset4                          0x08007b73   Thumb Code     0  memseta.o(.text)
    __aeabi_memset8                          0x08007b73   Thumb Code     0  memseta.o(.text)
    __aeabi_memclr                           0x08007b81   Thumb Code     4  memseta.o(.text)
    __aeabi_memclr4                          0x08007b81   Thumb Code     0  memseta.o(.text)
    __aeabi_memclr8                          0x08007b81   Thumb Code     0  memseta.o(.text)
    _memset$wrapper                          0x08007b85   Thumb Code    18  memseta.o(.text)
    strlen                                   0x08007b97   Thumb Code    14  strlen.o(.text)
    __scatterload                            0x08007ba5   Thumb Code    28  init.o(.text)
    __scatterload_rt2                        0x08007ba5   Thumb Code     0  init.o(.text)
    __decompress                             0x08007bc9   Thumb Code     0  __dczerorl2.o(.text)
    __decompress1                            0x08007bc9   Thumb Code    86  __dczerorl2.o(.text)
    __scatterload_copy                       0x08007c1f   Thumb Code    14  handlers.o(i.__scatterload_copy)
    __scatterload_null                       0x08007c2d   Thumb Code     2  handlers.o(i.__scatterload_null)
    __scatterload_zeroinit                   0x08007c2f   Thumb Code    14  handlers.o(i.__scatterload_zeroinit)
    free                                     0x08007c3d   Thumb Code    76  malloc.o(i.free)
    malloc                                   0x08007c8d   Thumb Code    92  malloc.o(i.malloc)
    asPDOAssignEntryDesc                     0x08007cf8   Data          12  coeappl.o(.constdata)
    aName0x1C13                              0x08007d04   Data          13  coeappl.o(.constdata)
    aName0x1C12                              0x08007d11   Data          13  coeappl.o(.constdata)
    asEntryDesc0x1601                        0x08007d1e   Data          60  coeappl.o(.constdata)
    aName0x1601                              0x08007d5a   Data          15  coeappl.o(.constdata)
    asEntryDesc0x7010                        0x08007d6a   Data          60  coeappl.o(.constdata)
    aName0x7010                              0x08007da6   Data          62  coeappl.o(.constdata)
    asEntryDesc0x1602                        0x08007de4   Data          12  coeappl.o(.constdata)
    aName0x1602                              0x08007df0   Data          25  coeappl.o(.constdata)
    asEntryDesc0x7011                        0x08007e0a   Data          12  coeappl.o(.constdata)
    aName0x7011                              0x08007e16   Data          15  coeappl.o(.constdata)
    asEntryDesc0x1A00                        0x08007e26   Data          60  coeappl.o(.constdata)
    aName0x1A00                              0x08007e62   Data          15  coeappl.o(.constdata)
    asEntryDesc0x6000                        0x08007e72   Data          60  coeappl.o(.constdata)
    aName0x6000                              0x08007eae   Data          85  coeappl.o(.constdata)
    asEntryDesc0x1A02                        0x08007f04   Data          54  coeappl.o(.constdata)
    aName0x1A02                              0x08007f3a   Data          15  coeappl.o(.constdata)
    asEntryDesc0x6020                        0x08007f4a   Data         108  coeappl.o(.constdata)
    aName0x6020                              0x08007fb6   Data          97  coeappl.o(.constdata)
    asEntryDesc0x1802                        0x08008018   Data          60  coeappl.o(.constdata)
    aName0x1802                              0x08008054   Data          63  coeappl.o(.constdata)
    asEntryDesc0x8020                        0x08008094   Data         126  coeappl.o(.constdata)
    aName0x8020                              0x08008112   Data         115  coeappl.o(.constdata)
    asEntryDesc0xF000                        0x08008186   Data          18  coeappl.o(.constdata)
    aName0xF000                              0x08008198   Data          73  coeappl.o(.constdata)
    asEntryDesc0xF010                        0x080081e2   Data          24  coeappl.o(.constdata)
    aName0xF010                              0x080081fa   Data          20  coeappl.o(.constdata)
    asEntryDesc0x0800                        0x0800820e   Data          18  coeappl.o(.constdata)
    sEntryDesc0x1000                         0x08008220   Data           6  coeappl.o(.constdata)
    aName0x1000                              0x08008226   Data          12  coeappl.o(.constdata)
    sEntryDesc0x1001                         0x08008232   Data           6  coeappl.o(.constdata)
    aName0x1001                              0x08008238   Data          15  coeappl.o(.constdata)
    sEntryDesc0x1008                         0x08008248   Data           6  coeappl.o(.constdata)
    aName0x1008                              0x0800824e   Data          12  coeappl.o(.constdata)
    sEntryDesc0x1009                         0x0800825a   Data           6  coeappl.o(.constdata)
    aName0x1009                              0x08008260   Data          17  coeappl.o(.constdata)
    sEntryDesc0x100A                         0x08008272   Data           6  coeappl.o(.constdata)
    aName0x100A                              0x08008278   Data          17  coeappl.o(.constdata)
    asEntryDesc0x1018                        0x0800828a   Data          30  coeappl.o(.constdata)
    aName0x1018                              0x080082a8   Data          57  coeappl.o(.constdata)
    asEntryDesc0x10F1                        0x080082e2   Data          18  coeappl.o(.constdata)
    aName0x10F1                              0x080082f4   Data          63  coeappl.o(.constdata)
    asEntryDesc0x1C00                        0x08008334   Data          12  coeappl.o(.constdata)
    aName0x1C00                              0x08008340   Data          18  coeappl.o(.constdata)
    asEntryDesc0x1C3x                        0x08008352   Data         198  coeappl.o(.constdata)
    aName0x1C32                              0x08008418   Data         256  coeappl.o(.constdata)
    aName0x1C33                              0x08008518   Data         255  coeappl.o(.constdata)
    cBitMask                                 0x08008618   Data          32  objdef.o(.constdata)
    cAbortCode                               0x08008638   Data         120  sdoserv.o(.constdata)
    Region$$Table$$Base                      0x080086b0   Number         0  anon$$obj.o(Region$$Table)
    Region$$Table$$Limit                     0x080086d0   Number         0  anon$$obj.o(Region$$Table)
    SystemCoreClock                          0x20000000   Data           4  system_stm32f4xx.o(.data)
    AHBPrescTable                            0x20000004   Data          16  system_stm32f4xx.o(.data)
    EscALEvent                               0x20000014   Data           2  el9800hw.o(.data)
    uhADCxConvertedValue                     0x20000016   Data           2  adc1.o(.data)
    sRxPDOassign                             0x20000018   Data           6  el9800appl.o(.data)
    sDORxPDOMap                              0x20000020   Data          40  el9800appl.o(.data)
    sDOOutputs                               0x20000048   Data           4  el9800appl.o(.data)
    sControlDataMap                          0x2000004c   Data           8  el9800appl.o(.data)
    sControlData                             0x20000054   Data           8  el9800appl.o(.data)
    sTxPDOassign                             0x2000005c   Data           6  el9800appl.o(.data)
    sDITxPDOMap                              0x20000064   Data          40  el9800appl.o(.data)
    sDIInputs                                0x2000008c   Data           4  el9800appl.o(.data)
    sAITxPDOMap                              0x20000090   Data          36  el9800appl.o(.data)
    sAIInputs                                0x200000b4   Data           6  el9800appl.o(.data)
    TxPDO1802Subindex0                       0x200000ba   Data           2  el9800appl.o(.data)
    sAISettings                              0x200000bc   Data          16  el9800appl.o(.data)
    sModulardeviceprofile                    0x200000cc   Data           6  el9800appl.o(.data)
    sModulelist                              0x200000d4   Data          16  el9800appl.o(.data)
    dataxx                                   0x200000e4   Data           4  el9800appl.o(.data)
    dataxx2                                  0x200000e8   Data           4  el9800appl.o(.data)
    sEnum0800_Value00                        0x200000ec   Data          24  coeappl.o(.data)
    sEnum0800_Value01                        0x20000104   Data          26  coeappl.o(.data)
    apEnum0800                               0x20000120   Data           8  coeappl.o(.data)
    ApplicationObjDic                        0x20000128   Data         640  coeappl.o(.data)
    u32Devicetype                            0x200003a8   Data           4  coeappl.o(.data)
    u16ErrorRegister                         0x200003ac   Data           2  coeappl.o(.data)
    acDevicename                             0x200003ae   Data          21  coeappl.o(.data)
    acHardwareversion                        0x200003c3   Data           4  coeappl.o(.data)
    acSoftwareversion                        0x200003c7   Data           5  coeappl.o(.data)
    sIdentity                                0x200003cc   Data          20  coeappl.o(.data)
    sSyncmanagertype                         0x200003e0   Data           6  coeappl.o(.data)
    ObjDicList                               0x200003e8   Data           4  coeappl.o(.data)
    GenObjDic                                0x200003ec   Data         440  coeappl.o(.data)
    bEcatWaitForInputUpdate                  0x200005a4   Data           1  ecatappl.o(.data)
    bEtherCATRunLed                          0x200005a5   Data           1  ecatappl.o(.data)
    bEtherCATErrorLed                        0x200005a6   Data           1  ecatappl.o(.data)
    bRunApplication                          0x200005a7   Data           1  ecatappl.o(.data)
    pAPPL_EEPROM_Read                        0x200005a8   Data           4  ecatappl.o(.data)
    pAPPL_EEPROM_Write                       0x200005ac   Data           4  ecatappl.o(.data)
    pAPPL_EEPROM_Reload                      0x200005b0   Data           4  ecatappl.o(.data)
    u16BusCycleCntMs                         0x200005b4   Data           2  ecatappl.o(.data)
    StartTimerCnt                            0x200005b8   Data           4  ecatappl.o(.data)
    bCycleTimeMeasurementStarted             0x200005bc   Data           1  ecatappl.o(.data)
    bInitFinished                            0x200005bd   Data           1  ecatappl.o(.data)
    pCoeSendStored                           0x200005c0   Data           4  ecatcoe.o(.data)
    bEcatOutputUpdateRunning                 0x200005c4   Data           1  ecatslv.o(.data)
    bEcatInputUpdateRunning                  0x200005c5   Data           1  ecatslv.o(.data)
    bEcatFirstOutputsReceived                0x200005c6   Data           1  ecatslv.o(.data)
    bWdTrigger                               0x200005c7   Data           1  ecatslv.o(.data)
    bDcSyncActive                            0x200005c8   Data           1  ecatslv.o(.data)
    EsmTimeoutCounter                        0x200005ca   Data           2  ecatslv.o(.data)
    bDcRunning                               0x200005cc   Data           1  ecatslv.o(.data)
    u16SmSync0Counter                        0x200005ce   Data           2  ecatslv.o(.data)
    u16SmSync0Value                          0x200005d0   Data           2  ecatslv.o(.data)
    bSmSyncSequenceValid                     0x200005d2   Data           1  ecatslv.o(.data)
    i16WaitForPllRunningTimeout              0x200005d4   Data           2  ecatslv.o(.data)
    i16WaitForPllRunningCnt                  0x200005d6   Data           2  ecatslv.o(.data)
    Sync0WdCounter                           0x200005d8   Data           2  ecatslv.o(.data)
    Sync0WdValue                             0x200005da   Data           2  ecatslv.o(.data)
    Sync1WdCounter                           0x200005dc   Data           2  ecatslv.o(.data)
    Sync1WdValue                             0x200005de   Data           2  ecatslv.o(.data)
    LatchInputSync0Value                     0x200005e0   Data           2  ecatslv.o(.data)
    LatchInputSync0Counter                   0x200005e2   Data           2  ecatslv.o(.data)
    bEscIntEnabled                           0x200005e4   Data           1  ecatslv.o(.data)
    b3BufferMode                             0x200005e5   Data           1  ecatslv.o(.data)
    bLocalErrorFlag                          0x200005e6   Data           1  ecatslv.o(.data)
    u16LocalErrorCode                        0x200005e8   Data           2  ecatslv.o(.data)
    bApplEsmPending                          0x200005ea   Data           1  ecatslv.o(.data)
    bEcatWaitForAlControlRes                 0x200005eb   Data           1  ecatslv.o(.data)
    nEcatStateTrans                          0x200005ec   Data           2  ecatslv.o(.data)
    nPdInputSize                             0x200005ee   Data           2  ecatslv.o(.data)
    nPdOutputSize                            0x200005f0   Data           2  ecatslv.o(.data)
    nMaxSyncMan                              0x200005f2   Data           1  ecatslv.o(.data)
    nMaxEscAddress                           0x200005f4   Data           2  ecatslv.o(.data)
    nAlStatus                                0x200005f6   Data           1  ecatslv.o(.data)
    EcatWdValue                              0x200005f8   Data           2  ecatslv.o(.data)
    nEscAddrOutputData                       0x200005fa   Data           2  ecatslv.o(.data)
    nEscAddrInputData                        0x200005fc   Data           2  ecatslv.o(.data)
    u16ALEventMask                           0x200005fe   Data           2  ecatslv.o(.data)
    u16dummy                                 0x20000600   Data           2  ecatslv.o(.data)
    SMActivate                               0x20000602   Data           2  ecatslv.o(.data)
    SyncManInfo                              0x20000604   Data           8  ecatslv.o(.data)
    EepromLoaded                             0x2000060c   Data           1  ecatslv.o(.data)
    bReceiveMbxIsLocked                      0x20000610   Data           1  mailbox.o(.data)
    bSendMbxIsFull                           0x20000611   Data           1  mailbox.o(.data)
    bMbxRunning                              0x20000612   Data           1  mailbox.o(.data)
    bMbxRepeatToggle                         0x20000613   Data           1  mailbox.o(.data)
    u16SendMbxSize                           0x20000614   Data           2  mailbox.o(.data)
    u16ReceiveMbxSize                        0x20000616   Data           2  mailbox.o(.data)
    u16EscAddrReceiveMbx                     0x20000618   Data           2  mailbox.o(.data)
    u16EscAddrSendMbx                        0x2000061a   Data           2  mailbox.o(.data)
    u8MbxWriteCounter                        0x2000061c   Data           1  mailbox.o(.data)
    u8MbxReadCounter                         0x2000061d   Data           1  mailbox.o(.data)
    u8MailboxSendReqStored                   0x2000061e   Data           1  mailbox.o(.data)
    psWriteMbx                               0x20000620   Data           4  mailbox.o(.data)
    psReadMbx                                0x20000624   Data           4  mailbox.o(.data)
    psRepeatMbx                              0x20000628   Data           4  mailbox.o(.data)
    psStoreMbx                               0x2000062c   Data           4  mailbox.o(.data)
    bNoMbxMemoryAvailable                    0x20000630   Data           1  mailbox.o(.data)
    bSyncSetByUser                           0x20000634   Data           1  objdef.o(.data)
    sCycleDiag                               0x20000636   Data           2  objdef.o(.data)
    sErrorSettings                           0x20000638   Data          12  objdef.o(.data)
    aSubindexDesc                            0x20000644   Data          13  objdef.o(.data)
    u8PendingSdo                             0x20000654   Data           1  sdoserv.o(.data)
    bStoreCompleteAccess                     0x20000655   Data           1  sdoserv.o(.data)
    u8StoreSubindex                          0x20000656   Data           1  sdoserv.o(.data)
    u16StoreIndex                            0x20000658   Data           2  sdoserv.o(.data)
    u32StoreDataSize                         0x2000065c   Data           4  sdoserv.o(.data)
    pStoreData                               0x20000660   Data           4  sdoserv.o(.data)
    pSdoPendFunc                             0x20000664   Data           4  sdoserv.o(.data)
    pSdoSegData                              0x20000668   Data           4  sdoserv.o(.data)
    nSdoInfoFragmentsLeft                    0x2000066c   Data           2  sdoserv.o(.data)
    nSdoInfoIndex                            0x2000066e   Data           2  sdoserv.o(.data)
    pSdoInfoObjEntry                         0x20000670   Data           4  sdoserv.o(.data)
    pSdoResStored                            0x20000674   Data           4  sdoserv.o(.data)
    bSdoInWork                               0x20000678   Data           1  sdoserv.o(.data)
    nSdoSegService                           0x20000679   Data           1  sdoserv.o(.data)
    bSdoSegFollows                           0x2000067a   Data           1  sdoserv.o(.data)
    bSdoSegAccess                            0x2000067b   Data           1  sdoserv.o(.data)
    nSdoSegIndex                             0x2000067c   Data           2  sdoserv.o(.data)
    nSdoSegSubindex                          0x2000067e   Data           1  sdoserv.o(.data)
    nSdoSegBytesToHandle                     0x20000680   Data           4  sdoserv.o(.data)
    bSdoSegLastToggle                        0x20000684   Data           1  sdoserv.o(.data)
    nSdoSegCompleteSize                      0x20000688   Data           4  sdoserv.o(.data)
    pSdoSegObjEntry                          0x2000068c   Data           4  sdoserv.o(.data)
    __microlib_freelist                      0x200006a0   Data           4  mvars.o(.data)
    __microlib_freelist_initialised          0x200006a4   Data           4  mvars.o(.data)
    aPdOutputData                            0x200006a8   Data          68  ecatappl.o(.bss)
    aPdInputData                             0x200006ec   Data          68  ecatappl.o(.bss)
    asMbx                                    0x20000730   Data         512  mailbox.o(.bss)
    sMbxSendQueue                            0x20000930   Data          52  mailbox.o(.bss)
    sMbxReceiveQueue                         0x20000964   Data          52  mailbox.o(.bss)
    sSyncManOutPar                           0x20000998   Data          68  objdef.o(.bss)
    sSyncManInPar                            0x200009dc   Data          68  objdef.o(.bss)
    aSdoInfoHeader                           0x20000a20   Data          14  sdoserv.o(.bss)
    __heap_base                              0x20000a30   Data           0  startup_stm32f40_41xxx.o(HEAP)
    __heap_limit                             0x20001630   Data           0  startup_stm32f40_41xxx.o(HEAP)
    __initial_sp                             0x20002230   Data           0  startup_stm32f40_41xxx.o(STACK)



==============================================================================

Memory Map of the image

  Image Entry point : 0x08000189

  Load Region LR_IROM1 (Base: 0x08000000, Size: 0x00008d78, Max: 0x00100000, ABSOLUTE, COMPRESSED[0x00008974])

    Execution Region ER_IROM1 (Exec base: 0x08000000, Load base: 0x08000000, Size: 0x000086d0, Max: 0x00100000, ABSOLUTE)

    Exec Addr    Load Addr    Size         Type   Attr      Idx    E Section Name        Object

    0x08000000   0x08000000   0x00000188   Data   RO          136    RESET               startup_stm32f40_41xxx.o
    0x08000188   0x08000188   0x00000000   Code   RO         1113  * .ARM.Collect$$$$00000000  mc_w.l(entry.o)
    0x08000188   0x08000188   0x00000004   Code   RO         1152    .ARM.Collect$$$$00000001  mc_w.l(entry2.o)
    0x0800018c   0x0800018c   0x00000004   Code   RO         1155    .ARM.Collect$$$$00000004  mc_w.l(entry5.o)
    0x08000190   0x08000190   0x00000000   Code   RO         1157    .ARM.Collect$$$$00000008  mc_w.l(entry7b.o)
    0x08000190   0x08000190   0x00000000   Code   RO         1159    .ARM.Collect$$$$0000000A  mc_w.l(entry8b.o)
    0x08000190   0x08000190   0x00000008   Code   RO         1160    .ARM.Collect$$$$0000000B  mc_w.l(entry9a.o)
    0x08000198   0x08000198   0x00000000   Code   RO         1162    .ARM.Collect$$$$0000000D  mc_w.l(entry10a.o)
    0x08000198   0x08000198   0x00000000   Code   RO         1164    .ARM.Collect$$$$0000000F  mc_w.l(entry11a.o)
    0x08000198   0x08000198   0x00000004   Code   RO         1153    .ARM.Collect$$$$00002712  mc_w.l(entry2.o)
    0x0800019c   0x0800019c   0x00000210   Code   RO            4    .text               system_stm32f4xx.o
    0x080003ac   0x080003ac   0x00000024   Code   RO          137    .text               startup_stm32f40_41xxx.o
    0x080003d0   0x080003d0   0x0000001a   Code   RO          144    .text               stm32f4xx_it.o
    0x080003ea   0x080003ea   0x00000002   PAD
    0x080003ec   0x080003ec   0x00000404   Code   RO          197    .text               el9800hw.o
    0x080007f0   0x080007f0   0x00000074   Code   RO          265    .text               timer.o
    0x08000864   0x08000864   0x0000017c   Code   RO          289    .text               exit.o
    0x080009e0   0x080009e0   0x00000654   Code   RO          313    .text               spi1.o
    0x08001034   0x08001034   0x00000104   Code   RO          350    .text               adc1.o
    0x08001138   0x08001138   0x0000003c   Code   RO          374    .text               includes.o
    0x08001174   0x08001174   0x00000448   Code   RO          396    .text               el9800appl.o
    0x080015bc   0x080015bc   0x00000298   Code   RO          461    .text               coeappl.o
    0x08001854   0x08001854   0x00000440   Code   RO          496    .text               ecatappl.o
    0x08001c94   0x08001c94   0x000000a0   Code   RO          543    .text               ecatcoe.o
    0x08001d34   0x08001d34   0x00001728   Code   RO          584    .text               ecatslv.o
    0x0800345c   0x0800345c   0x000006e8   Code   RO          636    .text               mailbox.o
    0x08003b44   0x08003b44   0x00000e4c   Code   RO          672    .text               objdef.o
    0x08004990   0x08004990   0x00000d1c   Code   RO          705    .text               sdoserv.o
    0x080056ac   0x080056ac   0x000000e0   Code   RO          742    .text               misc.o
    0x0800578c   0x0800578c   0x00000464   Code   RO          844    .text               stm32f4xx_adc.o
    0x08005bf0   0x08005bf0   0x000003a8   Code   RO          874    .text               stm32f4xx_dma.o
    0x08005f98   0x08005f98   0x00000110   Code   RO          901    .text               stm32f4xx_exti.o
    0x080060a8   0x080060a8   0x00000294   Code   RO          958    .text               stm32f4xx_gpio.o
    0x0800633c   0x0800633c   0x0000065c   Code   RO         1009    .text               stm32f4xx_rcc.o
    0x08006998   0x08006998   0x00000480   Code   RO         1038    .text               stm32f4xx_spi.o
    0x08006e18   0x08006e18   0x00000094   Code   RO         1065    .text               stm32f4xx_syscfg.o
    0x08006eac   0x08006eac   0x00000ca2   Code   RO         1089    .text               stm32f4xx_tim.o
    0x08007b4e   0x08007b4e   0x00000024   Code   RO         1116    .text               mc_w.l(memcpya.o)
    0x08007b72   0x08007b72   0x00000024   Code   RO         1118    .text               mc_w.l(memseta.o)
    0x08007b96   0x08007b96   0x0000000e   Code   RO         1120    .text               mc_w.l(strlen.o)
    0x08007ba4   0x08007ba4   0x00000024   Code   RO         1168    .text               mc_w.l(init.o)
    0x08007bc8   0x08007bc8   0x00000056   Code   RO         1178    .text               mc_w.l(__dczerorl2.o)
    0x08007c1e   0x08007c1e   0x0000000e   Code   RO         1172    i.__scatterload_copy  mc_w.l(handlers.o)
    0x08007c2c   0x08007c2c   0x00000002   Code   RO         1173    i.__scatterload_null  mc_w.l(handlers.o)
    0x08007c2e   0x08007c2e   0x0000000e   Code   RO         1174    i.__scatterload_zeroinit  mc_w.l(handlers.o)
    0x08007c3c   0x08007c3c   0x00000050   Code   RO         1124    i.free              mc_w.l(malloc.o)
    0x08007c8c   0x08007c8c   0x0000006c   Code   RO         1125    i.malloc            mc_w.l(malloc.o)
    0x08007cf8   0x08007cf8   0x0000091f   Data   RO          462    .constdata          coeappl.o
    0x08008617   0x08008617   0x00000001   PAD
    0x08008618   0x08008618   0x00000020   Data   RO          674    .constdata          objdef.o
    0x08008638   0x08008638   0x00000078   Data   RO          707    .constdata          sdoserv.o
    0x080086b0   0x080086b0   0x00000020   Data   RO         1170    Region$$Table       anon$$obj.o


    Execution Region RW_IRAM1 (Exec base: 0x20000000, Load base: 0x080086d0, Size: 0x00002230, Max: 0x00020000, ABSOLUTE, COMPRESSED[0x000002a4])

    Exec Addr    Load Addr    Size         Type   Attr      Idx    E Section Name        Object

    0x20000000   COMPRESSED   0x00000014   Data   RW            5    .data               system_stm32f4xx.o
    0x20000014   COMPRESSED   0x00000002   Data   RW          198    .data               el9800hw.o
    0x20000016   COMPRESSED   0x00000002   Data   RW          351    .data               adc1.o
    0x20000018   COMPRESSED   0x000000d4   Data   RW          397    .data               el9800appl.o
    0x200000ec   COMPRESSED   0x000004b8   Data   RW          463    .data               coeappl.o
    0x200005a4   COMPRESSED   0x0000001a   Data   RW          498    .data               ecatappl.o
    0x200005be   COMPRESSED   0x00000002   PAD
    0x200005c0   COMPRESSED   0x00000004   Data   RW          544    .data               ecatcoe.o
    0x200005c4   COMPRESSED   0x00000049   Data   RW          585    .data               ecatslv.o
    0x2000060d   COMPRESSED   0x00000003   PAD
    0x20000610   COMPRESSED   0x00000021   Data   RW          638    .data               mailbox.o
    0x20000631   COMPRESSED   0x00000003   PAD
    0x20000634   COMPRESSED   0x0000001d   Data   RW          675    .data               objdef.o
    0x20000651   COMPRESSED   0x00000003   PAD
    0x20000654   COMPRESSED   0x0000003c   Data   RW          708    .data               sdoserv.o
    0x20000690   COMPRESSED   0x00000010   Data   RW         1010    .data               stm32f4xx_rcc.o
    0x200006a0   COMPRESSED   0x00000004   Data   RW         1166    .data               mc_w.l(mvars.o)
    0x200006a4   COMPRESSED   0x00000004   Data   RW         1167    .data               mc_w.l(mvars.o)
    0x200006a8        -       0x00000088   Zero   RW          497    .bss                ecatappl.o
    0x20000730        -       0x00000268   Zero   RW          637    .bss                mailbox.o
    0x20000998        -       0x00000088   Zero   RW          673    .bss                objdef.o
    0x20000a20        -       0x0000000e   Zero   RW          706    .bss                sdoserv.o
    0x20000a2e   COMPRESSED   0x00000002   PAD
    0x20000a30        -       0x00000c00   Zero   RW          135    HEAP                startup_stm32f40_41xxx.o
    0x20001630        -       0x00000c00   Zero   RW          134    STACK               startup_stm32f40_41xxx.o


==============================================================================

Image component sizes


      Code (inc. data)   RO Data    RW Data    ZI Data      Debug   Object Name

       260         18          0          2          0       1027   adc1.o
       664         62       2335       1208          0       9500   coeappl.o
      1088        120          0         26        136       4923   ecatappl.o
       160         22          0          4          0       4840   ecatcoe.o
      5928        562          0         73          0      12166   ecatslv.o
      1096         56          0        212          0      26601   el9800appl.o
      1028         30          0          2          0      32750   el9800hw.o
       380          6          0          0          0       1374   exit.o
        60          0          0          0          0       1028   includes.o
      1768        144          0         33        616       8027   mailbox.o
       224         20          0          0          0       3833   misc.o
      3660        124         32         29        136      13989   objdef.o
      3356        244        120         60         14      20933   sdoserv.o
      1620         20          0          0          0       8363   spi1.o
        36          8        392          0       6144        948   startup_stm32f40_41xxx.o
      1124         24          0          0          0      24906   stm32f4xx_adc.o
       936         32          0          0          0      19321   stm32f4xx_dma.o
       272         10          0          0          0       5071   stm32f4xx_exti.o
       660         44          0          0          0      11561   stm32f4xx_gpio.o
        26          0          0          0          0       1242   stm32f4xx_it.o
      1628         52          0         16          0      28780   stm32f4xx_rcc.o
      1152         36          0          0          0      15449   stm32f4xx_spi.o
       148         12          0          0          0       1925   stm32f4xx_syscfg.o
      3234         60          0          0          0      43100   stm32f4xx_tim.o
       528         46          0         20          0     301519   system_stm32f4xx.o
       116          0          0          0          0        656   timer.o

    ----------------------------------------------------------------------
     31154       1752       2912       1696       7048     603832   Object Totals
         0          0         32          0          0          0   (incl. Generated)
         2          0          1         11          2          0   (incl. Padding)

    ----------------------------------------------------------------------

      Code (inc. data)   RO Data    RW Data    ZI Data      Debug   Library Member Name

        86          0          0          0          0          0   __dczerorl2.o
         0          0          0          0          0          0   entry.o
         0          0          0          0          0          0   entry10a.o
         0          0          0          0          0          0   entry11a.o
         8          4          0          0          0          0   entry2.o
         4          0          0          0          0          0   entry5.o
         0          0          0          0          0          0   entry7b.o
         0          0          0          0          0          0   entry8b.o
         8          4          0          0          0          0   entry9a.o
        30          0          0          0          0          0   handlers.o
        36          8          0          0          0         68   init.o
       188         20          0          0          0        160   malloc.o
        36          0          0          0          0         68   memcpya.o
        36          0          0          0          0        108   memseta.o
         0          0          0          8          0          0   mvars.o
        14          0          0          0          0         68   strlen.o

    ----------------------------------------------------------------------
       446         36          0          8          0        472   Library Totals
         0          0          0          0          0          0   (incl. Padding)

    ----------------------------------------------------------------------

      Code (inc. data)   RO Data    RW Data    ZI Data      Debug   Library Name

       446         36          0          8          0        472   mc_w.l

    ----------------------------------------------------------------------
       446         36          0          8          0        472   Library Totals

    ----------------------------------------------------------------------

==============================================================================


      Code (inc. data)   RO Data    RW Data    ZI Data      Debug   

     31600       1788       2912       1704       7048     598232   Grand Totals
     31600       1788       2912        676       7048     598232   ELF Image Totals (compressed)
     31600       1788       2912        676          0          0   ROM Totals

==============================================================================

    Total RO  Size (Code + RO Data)                34512 (  33.70kB)
    Total RW  Size (RW Data + ZI Data)              8752 (   8.55kB)
    Total ROM Size (Code + RO Data + RW Data)      35188 (  34.36kB)

==============================================================================

