<html>
<body>
<pre>
<h1>µVision Build Log</h1>
<h2>Tool Versions:</h2>
IDE-Version: ¦ÌVision V5.24.2.0
Copyright (C) 2017 ARM Ltd and ARM Germany GmbH. All rights reserved.
License Information: 1 2, 1, LIC=GMZI6-DG608-QDIKD-8S31E-TP514-ISZSZ
 
Tool Versions:
Toolchain:       MDK-ARM Plus  Version: 5.24.1
Toolchain Path:  C:\Keil_v5\ARM\ARMCC\Bin
C Compiler:      Armcc.exe V5.06 update 5 (build 528)
Assembler:       Armasm.exe V5.06 update 5 (build 528)
Linker/Locator:  ArmLink.exe V5.06 update 5 (build 528)
Library Manager: ArmAr.exe V5.06 update 5 (build 528)
Hex Converter:   FromElf.exe V5.06 update 5 (build 528)
CPU DLL:         SARMCM3.DLL V5.24.1
Dialog DLL:      DCM.DLL V1.16.0.0
Target DLL:      STLink\ST-LINKIII-KEIL_SWO.dll V3.0.1.0
Dialog DLL:      TCM.DLL V1.32.0.0
 
<h2>Project:</h2>
C:\Users\12867\Desktop\- ¸±±¾\STM32F407 Ethercat\MDK-ARM\Project.uvprojx
Project File Date:  05/17/2026

<h2>Output:</h2>
*** Using Compiler 'V5.06 update 5 (build 528)', folder: 'C:\Keil_v5\ARM\ARMCC\Bin'
Rebuild target 'STM32F40_41xxx'
assembling startup_stm32f40_41xxx.s...
compiling includes.c...
compiling ecatcoe.c...
compiling bootmode.c...
compiling Timer.c...
compiling system_stm32f4xx.c...
compiling stm32f4xx_it.c...
compiling ADC1.c...
compiling EXIT.c...
compiling SPI1.c...
compiling el9800hw.c...
compiling el9800appl.c...
compiling coeappl.c...
compiling ecatappl.c...
compiling diag.c...
compiling emcy.c...
compiling misc.c...
compiling mailbox.c...
compiling stm32f4xx_dma.c...
compiling stm32f4xx_adc.c...
compiling stm32f4xx_exti.c...
compiling stm32f4xx_gpio.c...
compiling ecatslv.c...
compiling stm32f4xx_fsmc.c...
compiling stm32f4xx_pwr.c...
compiling sdoserv.c...
compiling objdef.c...
..\Ethercat\src\objdef.c(890): warning:  #767-D: conversion from pointer to smaller integer
              if((((
INT16)pVarPtr) & 0x1) == 0x1)
..\Ethercat\src\objdef.c(897): warning:  #767-D: conversion from pointer to smaller integer
                  pVarPtr = (
INT16 
BXMEM *)(((
EM_ADDR)pVarPtr)& ~(MEM_ADDR)0x1);
..\Ethercat\src\objdef.c: 2 warnings, 0 errors
compiling stm32f4xx_syscfg.c...
compiling stm32f4xx_rcc.c...
compiling stm32f4xx_spi.c...
compiling stm32f4xx_tim.c...
linking...
Program Size: Code=31600 RO-data=2912 RW-data=1704 ZI-data=7048  
FromELF: creating hex file...
"STM32F40_41xxx\STM32F40_41xxx.axf" - 0 Error(s), 2 Warning(s).

<h2>Software Packages used:</h2>

Package Vendor: Keil
                https://www.keil.com/pack/Keil.STM32F4xx_DFP.2.17.1.pack
                Keil.STM32F4xx_DFP.2.17.1
                STMicroelectronics STM32F4 Series Device Support, Drivers and Examples

<h2>Collection of Component include folders:</h2>
  .\RTE\_STM32F40_41xxx
  C:\Keil_v5\ARM\PACK\Keil\STM32F4xx_DFP\2.17.1\Drivers\CMSIS\Device\ST\STM32F4xx\Include

<h2>Collection of Component Files used:</h2>
Build Time Elapsed:  00:00:03
</pre>
</body>
</html>
